******************************************************************************
                  TI ARM Linker PC v15.12.3                    
******************************************************************************
>> Linked Thu Aug 18 19:51:55 2022

OUTPUT FILE NAME:   <grlib_demo.out>
ENTRY POINT SYMBOL: "_c_int00"  address: 00010845


MEMORY CONFIGURATION

         name            origin    length      used     unused   attr    fill
----------------------  --------  ---------  --------  --------  ----  --------
  FLASH                 00000000   00100000  0001db90  000e2470  R  X
  SRAM                  20000000   00040000  00009b48  000364b8  RW X


SEGMENT ALLOCATION MAP

run origin  load origin   length   init length attrs members
----------  ----------- ---------- ----------- ----- -------
00000000    00000000    0001db94   0001db94    r-x
  00000000    00000000    00000200   00000200    r-- .intvecs
  00000200    00000200    00016136   00016136    r-x .text
  00016338    00016338    00004bfe   00004bfe    r-- .const
  0001af38    0001af38    00000018   00000018    r-- .init_array
  0001af50    0001af50    00002c44   00002c44    r-- .cinit
20000000    20000000    000084c0   00000000    rw-
  20000000    20000000    00003cba   00000000    rw- .data
  20003cc0    20003cc0    00002800   00000000    rw- .sysmem
  200064c0    200064c0    00002000   00000000    rw- .stack
20008800    20008800    0000168e   00000000    rw-
  20008800    20008800    0000168e   00000000    rw- .bss


SECTION ALLOCATION MAP

 output                                  attributes/
section   page    origin      length       input sections
--------  ----  ----------  ----------   ----------------
.intvecs   0    00000000    00000200     
                  00000000    00000200     startup_ccs.obj (.intvecs)

.text      0    00000200    00016136     
                  00000200    000012c0     grlib_demo.obj (.text:main)
                  000014c0    000007ec     Quadlet.obj (.text:_ZN7Quadlet5PaintEv)
                  00001cac    000006e4     Src_CstmSw_Leaf_Ui.obj (.text:_ZN18Src_CstmSw_Leaf_Ui5PaintEv)
                  00002390    000006e4     Time_Blinker_Leaf_UI.obj (.text:_ZN20Time_Blinker_Leaf_UI5PaintEv)
                  00002a74    0000069c     Z_MusicControl_Leaf_Ui.obj (.text:_ZN22Z_MusicControl_Leaf_Ui4LeftEv)
                  00003110    00000614     Strct_CalcFactory_UI.obj (.text:_ZN20Strct_CalcFactory_UI7ItemSelEtt)
                  00003724    00000594     ItemSelector.obj (.text:_ZN12ItemSelector7ItemSelEtt)
                  00003cb8    00000590     Calc_Quantizer_Leaf_UI.obj (.text:_ZN22Calc_Quantizer_Leaf_UI5PaintEv)
                  00004248    000004a4     grlib_demo.obj (.text:_Z7BesLoadv)
                  000046ec    0000040c     grlib_demo.obj (.text:__sti___14_grlib_demo_cpp_70f04db0)
                  00004af8    000003dc     rtsv7M4_T_le_v4SPD16_eabi.lib : memory.obj (.text)
                  00004ed4    000003a8     Calc_uCAdc_Leaf_UI.obj (.text:_ZN18Calc_uCAdc_Leaf_UI10RepaintValEv)
                  0000527c    00000388     Wizard_TwoChnlModl_Leaf_Ui.obj (.text:_ZN26Wizard_TwoChnlModl_Leaf_Ui7FillValEt)
                  00005604    00000374     grlib.lib : image.obj (.text:InternalImageDraw)
                  00005978    0000034c     Time_Integrator_Leaf_Ui.obj (.text:_ZN23Time_Integrator_Leaf_Ui8PaintValEv)
                  00005cc4    00000318     Strct_CalcFactory.obj (.text:_ZN17Strct_CalcFactoryC1Ev)
                  00005fdc    00000310     Calc_DeadArea_Leaf_Ui.obj (.text:_ZN21Calc_DeadArea_Leaf_Ui12RepaintNpValEv)
                  000062ec    000002f8     grlib.lib : image.obj (.text:PixelTransparentDraw)
                  000065e4    000002d4     Src_CstmSw_Leaf_Ui.obj (.text:_ZN18Src_CstmSw_Leaf_Ui10RepaintValEv)
                  000068b8    000002cc     Quadlet.obj (.text:_ZN7Quadlet10RepaintValEv)
                  00006b84    0000029c     CalcMultiplicationLeafUI.obj (.text:_ZN27Calc_Multiplication_Leaf_UI20SetCalcLeaf_Mult_RefEP24Calc_Multiplication_Leaf)
                  00006e20    00000294     CalcAdditionLeafUI.obj (.text:_ZN21Calc_Addition_Leaf_UI19SetCalcLeaf_Add_RefEP18Calc_Addition_Leaf)
                  000070b4    00000268     Kentec320x240x16_ssd2119_8bit.obj (.text:Kentec320x240x16_SSD2119Init)
                  0000731c    00000258     CalcMultiplicationLeafUI.obj (.text:_ZN27Calc_Multiplication_Leaf_UI2UpEs)
                  00007574    00000254     grlib.lib : string.obj (.text:GrFontGlyphRender)
                  000077c8    00000250     CalcMultiplicationLeafUI.obj (.text:_ZN27Calc_Multiplication_Leaf_UI4DownEs)
                  00007a18    00000244     CalcAdditionLeafUI.obj (.text:_ZN21Calc_Addition_Leaf_UI2UpEv)
                  00007c5c    00000244     CalcAdditionLeafUI.obj (.text:_ZN21Calc_Addition_Leaf_UI4DownEv)
                  00007ea0    00000240     Src_InternTrim_Leaf_UI.obj (.text:_ZN22Src_InternTrim_Leaf_UI11RepaintValsEv)
                  000080e0    00000208     Calc_Quantizer_Leaf_UI.obj (.text:_ZN22Calc_Quantizer_Leaf_UI10RepaintValEv)
                  000082e8    00000204     driverlib.lib : sysctl.obj (.text:SysCtlClockFreqSet)
                  000084ec    000001dc     Src_InternTrim_Leaf_UI.obj (.text:_ZN22Src_InternTrim_Leaf_UI17SetInternTrim_RefEP19Src_InternTrim_Leaf)
                  000086c8    000001d4     grlib.lib : keyboard.obj (.text:ButtonPaintText)
                  0000889c    000001d0     Calc_uCAdc_Leaf_UI.obj (.text:_ZN18Calc_uCAdc_Leaf_UI12SetuCAdc_RefEP15Calc_uCAdc_Leaf)
                  00008a6c    000001d0     TimeCalc_Ramp_Leaf_UI.obj (.text:_ZN21TimeCalc_Ramp_Leaf_UI8PaintValEv)
                  00008c3c    000001c0     Strct_MultSw_Node.obj (.text:_ZN17Strct_MultSw_Node11DeserializeEP15SerializeDest_I)
                  00008dfc    000001c0     Strct_SaveLoad_Node_UI.obj (.text:_ZN22Strct_SaveLoad_Node_UI13ShowFreeSpaceEv)
                  00008fbc    000001b6     rtsv7M4_T_le_v4SPD16_eabi.lib : fd_add_t2.obj (.text)
                  00009172    00000002     startup_ccs.obj (.text:FaultISR)
                  00009174    000001a8     Strct_PoolOwner_Node.obj (.text:_ZN20Strct_PoolOwner_NodeC1Ev)
                  0000931c    0000019c     Strct_Compo_Node.obj (.text:_ZN16Strct_Compo_Node11DeserializeEP15SerializeDest_I)
                  000094b8    00000190     grlib.lib : canvas.obj (.text:CanvasPaint)
                  00009648    00000190     Z_MusicControl_Leaf_Ui.obj (.text:_ZN22Z_MusicControl_Leaf_Ui5RightEv)
                  000097d8    0000018c     grlib.lib : keyboard.obj (.text:TextButtonEvent)
                  00009964    00000180     touch.obj (.text:TouchScreenDebouncer)
                  00009ae4    0000017e     grlib.lib : pushbutton.obj (.text:RectangularButtonPaint)
                  00009c62    00000002     startup_ccs.obj (.text:IntDefaultHandler)
                  00009c64    0000017c     Kentec320x240x16_ssd2119_8bit.obj (.text:Kentec320x240x16_SSD2119PixelDrawMultiple)
                  00009de0    0000017c     Calc_uCAdc_Leaf_UI.obj (.text:_ZN18Calc_uCAdc_Leaf_UI4DownEv)
                  00009f5c    00000178     Calc_uCAdc_Leaf_UI.obj (.text:_ZN18Calc_uCAdc_Leaf_UI2UpEv)
                  0000a0d4    00000178     Calc_DeadArea_Leaf_Ui.obj (.text:_ZN21Calc_DeadArea_Leaf_Ui14RepaintSpanValEv)
                  0000a24c    00000174     Src_InternTrim_Leaf_UI.obj (.text:_ZN22Src_InternTrim_Leaf_UI13RepaintTrmSelEv)
                  0000a3c0    00000170     Kentec320x240x16_ssd2119_8bit.obj (.text:InitGPIOLCDInterface)
                  0000a530    0000015c     TimeCalc_Ramp_Leaf.obj (.text:_ZN18TimeCalc_Ramp_Leaf3RunEPfj)
                  0000a68c    00000150     Strct_Junc_Node.obj (.text:_ZN15Strct_Junc_Node11DeserializeEP15SerializeDest_I)
                  0000a7dc    00000150     CalcAdditionLeafUI.obj (.text:_ZN9UtilClass14SgndIntToStrngEPcs)
                  0000a92c    00000136     rtsv7M4_T_le_v4SPD16_eabi.lib : fd_div_t2.obj (.text)
                  0000aa62    00000002     Kentec320x240x16_ssd2119_8bit.obj (.text:Kentec320x240x16_SSD2119Flush)
                  0000aa64    00000134     Calc_Quantizer_Leaf_UI.obj (.text:_ZN9UtilClass16UnsgndIntToStrngEPct)
                  0000ab98    00000132     driverlib.lib : gpio.obj (.text:GPIOPadConfigSet)
                  0000acca    00000002     startup_ccs.obj (.text:NmiSR)
                  0000accc    00000130     touch.obj (.text:TouchScreenIntHandler)
                  0000adfc    00000124     grlib_demo.obj (.text:PpmMatchIntHandler)
                  0000af20    00000124     touch.obj (.text:TouchScreenInit)
                  0000b044    00000118     Z_MusicControl.obj (.text:_ZN14Z_MusicControl3RunEv)
                  0000b15c    00000118     Calc_Expo1_Leaf.obj (.text:_ZN15Calc_Expo1_Leaf3RunEPfj)
                  0000b274    00000114     Kentec320x240x16_ssd2119_8bit.obj (.text:Kentec320x240x16_SSD2119RectFill)
                  0000b388    000000fc     rtsv7M4_T_le_v4SPD16_eabi.lib : fd_mul_t2.obj (.text)
                  0000b484    000000f8     Wizard_TwoChnlModl_Leaf.obj (.text:_ZN23Wizard_TwoChnlModl_Leaf8GenerateEv)
                  0000b57c    000000f4     Z_Wizard_Node.obj (.text:_ZN13Z_Wizard_NodeC1Ev)
                  0000b670    000000f4     rtsv7M4_T_le_v4SPD16_eabi.lib : dtor_list.obj (.text)
                  0000b764    000000f2     grlib.lib : pushbutton.obj (.text:RectangularButtonClick)
                  0000b856    00000002     grlib_demo.obj (.text:_Z9ExportPrsv)
                  0000b858    000000e8     grlib.lib : widget.obj (.text:WidgetMessageQueueAdd)
                  0000b940    000000e8     Calc_Quantizer_Leaf.obj (.text:_ZN19Calc_Quantizer_Leaf3RunEPfj)
                  0000ba28    000000e4     Calc_MinMaxLimit_Leaf.obj (.text:_ZN21Calc_MinMaxLimit_Leaf3RunEPfj)
                  0000bb0c    000000d0     Kentec320x240x16_ssd2119_8bit.obj (.text:WriteDataGPIO)
                  0000bbdc    000000c8     Kentec320x240x16_ssd2119_8bit.obj (.text:WriteCommandGPIO)
                  0000bca4    000000c8     Calc_ScaleSw_Leaf.obj (.text:_ZN17Calc_ScaleSw_Leaf3RunEPfj)
                  0000bd6c    000000c8     StrctMultiSwNodeUI.obj (.text:_ZN18StrctMultiSwNodeUI4GrabEv)
                  0000be34    000000c4     driverlib.lib : eeprom.obj (.text:EEPROMProgram)
                  0000bef8    000000c0     grlib.lib : string.obj (.text:GrDefaultStringRenderer)
                  0000bfb8    000000bc     ModelManager.obj (.text:_ZN12ModelManager12InsertModEndEj)
                  0000c074    000000bc     rtsv7M4_T_le_v4SPD16_eabi.lib : typeinfo_.obj (.text)
                  0000c130    000000b4     grlib.lib : widget.obj (.text:WidgetMessageSendPostOrder)
                  0000c1e4    000000b4     Src_CstmSw_Leaf_Ui.obj (.text:_ZN18Src_CstmSw_Leaf_Ui13SetCstmSw_RefEP15Src_CstmSw_Leaf)
                  0000c298    000000b4     Strct_PoolOwner_UI.obj (.text:_ZN18Strct_PoolOwner_UI7ItemSelEtt)
                  0000c34c    000000b0     Time_Integrator_Leaf.obj (.text:_ZN20Time_Integrator_Leaf3RunEPfj)
                  0000c3fc    000000b0     Time_Integrator_Leaf_Ui.obj (.text:_ZN23Time_Integrator_Leaf_Ui17SetIntegrator_RefEP20Time_Integrator_Leaf)
                  0000c4ac    000000a8     StorageHandler.obj (.text:_ZN14StorageHandler18GetNxtFreeBlockAdrEt)
                  0000c554    000000a8     Calc_Quantizer_Leaf_UI.obj (.text:_ZN22Calc_Quantizer_Leaf_UI16SetQuantizer_RefEP19Calc_Quantizer_Leaf)
                  0000c5fc    000000a6     Strct_Chnl_Node.obj (.text:_ZN15Strct_Chnl_Node11DeserializeEP15SerializeDest_I)
                  0000c6a2    00000002     grlib_demo.obj (.text:_Z9ImportPrsv)
                  0000c6a4    000000a4     Time_Integrator_Leaf_Ui.obj (.text:_ZN23Time_Integrator_Leaf_Ui12MarkSelectedEv)
                  0000c748    000000a0     ItemSelector.obj (.text:_Z6KeyPrsP8__Widgetjj)
                  0000c7e8    0000009c     Time_Blinker_Leaf_UI.obj (.text:_ZN20Time_Blinker_Leaf_UI19SetTime_Blinker_RefEP17Time_Blinker_Leaf)
                  0000c884    0000009c     TimeCalc_Ramp_Leaf_UI.obj (.text:_ZN21TimeCalc_Ramp_Leaf_UI12MarkSelectedEv)
                  0000c920    0000009c     Strct_SaveLoad_Node_UI.obj (.text:_ZN22Strct_SaveLoad_Node_UI7ItemSelEtt)
                  0000c9bc    0000009c     rtsv7M4_T_le_v4SPD16_eabi.lib : memcpy_t2.obj (.text)
                  0000ca58    0000009a     Strct_CalcFactory.obj (.text:_ZN17Strct_CalcFactory22AddModuleToEntryByTypeEt)
                  0000caf2    00000002     CharSelector.obj (.text:_ZN12CharSelectorD1Ev)
                  0000caf4    00000098     Strct_Junc_Node.obj (.text:_ZN15Strct_Junc_Node12AddCompAtEndEv)
                  0000cb8c    00000098     Strct_Compo_Node.obj (.text:_ZN16Strct_Compo_Node12AddCompAtEndEv)
                  0000cc24    00000098     Strct_MultSw_Node.obj (.text:_ZN17Strct_MultSw_Node12AddCompAtEndEv)
                  0000ccbc    00000098     Time_Blinker_Leaf_UI.obj (.text:_ZN20Time_Blinker_Leaf_UI14EnterTrigCompoEv)
                  0000cd54    00000096     ModelManager.obj (.text:_ZN12ModelManager16PrepForOverwriteEj)
                  0000cdea    00000002     MachineRamp.obj (.text:_ZN12Machine_Ramp11GetInstanceEPt)
                  0000cdec    00000094     Strct_Compo_Node.obj (.text:_ZN16Strct_Compo_Node9SerializeEP15SerializeDest_I)
                  0000ce80    00000094     Time_Integrator_Leaf.obj (.text:_ZN20Time_Integrator_LeafC1Ev)
                  0000cf14    00000090     StorageHandler.obj (.text:_ZN14StorageHandler12WriteU16bSeqEt)
                  0000cfa4    00000090     Src_CstmSw_Leaf.obj (.text:_ZN15Src_CstmSw_Leaf3RunEPfj)
                  0000d034    0000008c     Strct_Chnl_Node.obj (.text:_ZN15Strct_Chnl_Node3RunEPfj)
                  0000d0c0    0000008c     StrctMultiSwNodeUI.obj (.text:_ZN18StrctMultiSwNodeUI14RefreshButtonsEv)
                  0000d14c    0000008c     Strct_Junc_Node_UI.obj (.text:_ZN18Strct_Junc_Node_UI14RefreshButtonsEv)
                  0000d1d8    0000008c     TimeCalc_Ramp_Leaf.obj (.text:_ZN18TimeCalc_Ramp_LeafC1Ev)
                  0000d264    0000008c     StrctCompoNodeUI.obj (.text:_ZN19Strct_Compo_Node_UI14RefreshButtonsEv)
                  0000d2f0    0000008c     TimeCalc_Ramp_Leaf_UI.obj (.text:_ZN21TimeCalc_Ramp_Leaf_UI4DownEs)
                  0000d37c    0000008a     Strct_Chnl_Node.obj (.text:_ZN15Strct_Chnl_Node11AddSltAtEndEv)
                  0000d406    0000008a     Strct_PoolOwner_UI.obj (.text:_ZN18Strct_PoolOwner_UI5EnterEPP11Graph_App_IP12UI_Visitor_I)
                  0000d490    00000086     grlib.lib : rectangle.obj (.text:GrRectFill)
                  0000d516    00000084     ModelManager.obj (.text:_ZN12ModelManager12DelSelctdModEt)
                  0000d59a    00000002     MachineRamp.obj (.text:_ZN12Machine_RampD1Ev)
                  0000d59c    00000084     StrctMultiSwNodeUI.obj (.text:_ZN18StrctMultiSwNodeUI13SetMultSw_RefEP17Strct_MultSw_Node)
                  0000d620    00000084     Strct_Junc_Node_UI.obj (.text:_ZN18Strct_Junc_Node_UI11SetJunc_RefEP15Strct_Junc_Node)
                  0000d6a4    00000084     StrctCompoNodeUI.obj (.text:_ZN19Strct_Compo_Node_UI15SetStrctCmp_RefEP16Strct_Compo_Node)
                  0000d728    00000084     TimeCalc_Ramp_Leaf_UI.obj (.text:_ZN21TimeCalc_Ramp_Leaf_UI2UpEs)
                  0000d7ac    00000084     Quadlet.obj (.text:_ZN7Quadlet2UpEs)
                  0000d830    00000080     Kentec320x240x16_ssd2119_8bit.obj (.text:Kentec320x240x16_SSD2119LineDrawH)
                  0000d8b0    00000080     Quadlet.obj (.text:_ZN7Quadlet4DownEs)
                  0000d930    0000007e     ModelManager.obj (.text:_ZN12ModelManager8NewModelEv)
                  0000d9ae    0000007e     Source.obj (.text:_ZN6Source11DeserializeEP15SerializeDest_I)
                  0000da2c    0000007c     Kentec320x240x16_ssd2119_8bit.obj (.text:Kentec320x240x16_SSD2119LineDrawV)
                  0000daa8    0000007c     Time_Blinker_Leaf.obj (.text:_ZN17Time_Blinker_Leaf3RunEPfj)
                  0000db24    0000007c     StrctChnlNodeUI.obj (.text:_ZN18Strct_Chnl_Node_UI14RefreshButtonsEv)
                  0000dba0    0000007c     StrctChnlNodeUI.obj (.text:_ZN18Strct_Chnl_Node_UI16SetStrctChnl_RefEP15Strct_Chnl_Node)
                  0000dc1c    0000007c     Wizard_TwoChnlModl_Leaf_Ui.obj (.text:_ZN26Wizard_TwoChnlModl_Leaf_Ui18SetTwoChnlModl_RefEP23Wizard_TwoChnlModl_Leaf)
                  0000dc98    0000007c     Calc_DeadArea_Leaf_Ui.obj (.text:_ZN9UtilClass15RearangeCharArrEPcsbtcc)
                  0000dd14    0000007a     driverlib.lib : adc.obj (.text:ADCSequenceStepConfigure)
                  0000dd8e    0000007a     grlib.lib : keyboard.obj (.text:FindKey)
                  0000de08    0000007a     StorageHandler.obj (.text:_ZN14StorageHandler9FreeBlockEj)
                  0000de82    0000007a     rtsv7M4_T_le_v4SPD16_eabi.lib : memset_t2.obj (.text)
                  0000defc    00000078     ItemSelector.obj (.text:_ZN12ItemSelector6ItemUpEv)
                  0000df74    00000078     Strct_Junc_Node.obj (.text:_ZN15Strct_Junc_Node3RunEPfj)
                  0000dfec    00000078     Calc_DynamicScale_Leaf_Ui.obj (.text:_ZN25Calc_DynamicScale_Leaf_Ui14EnterTrigCompoEv)
                  0000e064    00000074     ItemSelector.obj (.text:_ZN12ItemSelector8KeyPressEci)
                  0000e0d8    00000074     Calc_ScaleSw_Leaf.obj (.text:_ZN17Calc_ScaleSw_Leaf11DeserializeEP15SerializeDest_I)
                  0000e14c    00000074     Strct_MultSw_Node.obj (.text:_ZN17Strct_MultSw_Node3RunEPfj)
                  0000e1c0    00000074     Calc_MinMaxLimit_Leaf.obj (.text:_ZN21Calc_MinMaxLimit_Leaf11DeserializeEP15SerializeDest_I)
                  0000e234    00000074     TimeCalc_Ramp_Leaf_UI.obj (.text:_ZN21TimeCalc_Ramp_Leaf_UI13PaintSelectedEv)
                  0000e2a8    00000074     TimeCalc_Ramp_Leaf_UI.obj (.text:_ZN21TimeCalc_Ramp_Leaf_UI20SetTimeCalc_Ramp_RefEP18TimeCalc_Ramp_Leaf)
                  0000e31c    00000074     Strct_SaveLoad_Node_UI.obj (.text:_ZN22Strct_SaveLoad_Node_UI14RefreshButtonsEv)
                  0000e390    00000074     Strct_SaveLoad_Node_UI.obj (.text:_ZN22Strct_SaveLoad_Node_UI8KeyPressEci)
                  0000e404    00000072     ModelManager.obj (.text:_ZN12ModelManager13DeInsertModAtEj)
                  0000e476    00000072     SystickNotifier.obj (.text:_ZN15SystickNotifier11UnsubscribeEP9Systick_I)
                  0000e4e8    00000072     Time_Integrator_Leaf.obj (.text:_ZN20Time_Integrator_Leaf11DeserializeEP15SerializeDest_I)
                  0000e55a    00000002     ModelManager.obj (.text:_ZN12ModelManager7GetCharEv)
                  0000e55c    00000070     rtsv7M4_T_le_v4SPD16_eabi.lib : autoinit.obj (.text)
                  0000e5cc    0000006e                                   : fd_tos_t2.obj (.text)
                  0000e63a    00000002     ModelManager.obj (.text:_ZN12ModelManager8SaveCharEc)
                  0000e63c    0000006c     grlib_demo.obj (.text:_Z7SavePrsv)
                  0000e6a8    0000006c     ItemSelector.obj (.text:_ZN12ItemSelector8ItemDownEv)
                  0000e714    0000006c     Time_Blinker_Leaf.obj (.text:_ZN17Time_Blinker_LeafC1Ev)
                  0000e780    0000006c     Wizard_InternTrim.obj (.text:_ZN17Wizard_InternTrim8GenerateEv)
                  0000e7ec    0000006c     Calc_Expo1_Leaf_Ui.obj (.text:_ZN18Calc_Expo1_Leaf_Ui14EnterTrigCompoEv)
                  0000e858    0000006c     Strct_PoolOwner_Node.obj (.text:_ZN20Strct_PoolOwner_Node4ShowEP12UI_Visitor_I)
                  0000e8c4    0000006c     Calc_DynamicScale_Leaf.obj (.text:_ZN22Calc_DynamicScale_Leaf3RunEPfj)
                  0000e930    0000006c     Strct_SaveLoad_Node_UI.obj (.text:_ZN22Strct_SaveLoad_Node_UI15SetSaveLoad_RefEP19Strct_SaveLoad_Node)
                  0000e99c    0000006c     Wizard_TwoChnlModl_Leaf.obj (.text:_ZN23Wizard_TwoChnlModl_LeafC1Ev)
                  0000ea08    0000006a     Calc_ScaleSw_Leaf.obj (.text:_ZN17Calc_ScaleSw_Leaf9SerializeEP15SerializeDest_I)
                  0000ea72    0000006a     Calc_MinMaxLimit_Leaf.obj (.text:_ZN21Calc_MinMaxLimit_Leaf9SerializeEP15SerializeDest_I)
                  0000eadc    0000006a     rtsv7M4_T_le_v4SPD16_eabi.lib : copy_decompress_rle.obj (.text)
                  0000eb46    00000002     ModelManager.obj (.text:_ZN12ModelManagerD1Ev)
                  0000eb48    00000068     grlib.lib : context.obj (.text:GrContextInit)
                  0000ebb0    00000068               : string.obj (.text:GrStringWidthGet)
                  0000ec18    00000068     driverlib.lib : interrupt.obj (.text:IntEnable)
                  0000ec80    00000068     grlib_demo.obj (.text:_Z8AutoLoadv)
                  0000ece8    00000068     Strct_CalcFactory.obj (.text:_ZN17Strct_CalcFactoryD1Ev)
                  0000ed50    00000068     Wizard_InternTrim.obj (.text:_ZN17Wizard_InternTrimC1Ev)
                  0000edb8    00000068     Src_InternTrim_Leaf.obj (.text:_ZN19Src_InternTrim_LeafC1Ev)
                  0000ee20    00000068     Time_Blinker_Leaf_UI.obj (.text:_ZN20Time_Blinker_Leaf_UI14EnterCompoPoolEv)
                  0000ee88    00000068     TimeCalc_Ramp_Leaf_UI.obj (.text:_ZN21TimeCalc_Ramp_Leaf_UI4GrabEv)
                  0000eef0    00000066     grlib.lib : context.obj (.text:GrContextClipRegionSet)
                  0000ef56    00000066               : rectangle.obj (.text:GrRectDraw)
                  0000efbc    00000066     Src_CstmSw_Leaf.obj (.text:_ZN15Src_CstmSw_Leaf11AddChnlPairEv)
                  0000f022    00000066     Src_CstmSw_Leaf.obj (.text:_ZN15Src_CstmSw_Leaf11DeserializeEP15SerializeDest_I)
                  0000f088    00000066     Strct_Junc_Node.obj (.text:_ZN15Strct_Junc_Node9SerializeEP15SerializeDest_I)
                  0000f0ee    00000066     Strct_MultSw_Node.obj (.text:_ZN17Strct_MultSw_Node9SerializeEP15SerializeDest_I)
                  0000f154    00000064     grlib.lib : widget.obj (.text:WidgetMessageQueueProcess)
                  0000f1b8    00000064     grlib_demo.obj (.text:_Z5OnEscv)
                  0000f21c    00000064     grlib_demo.obj (.text:_Z7OnEnterv)
                  0000f280    00000064     Z_MusicControl.obj (.text:_ZN14Z_MusicControlC1Ev)
                  0000f2e4    00000064     Src_CstmSw_Leaf.obj (.text:_ZN15Src_CstmSw_Leaf9SerializeEP15SerializeDest_I)
                  0000f348    00000064     Src_CstmSw_Leaf.obj (.text:_ZN15Src_CstmSw_LeafC1Ev)
                  0000f3ac    00000064     Calc_Expo1_Leaf_Ui.obj (.text:_ZN18Calc_Expo1_Leaf_Ui12SetExpo1_RefEP15Calc_Expo1_Leaf)
                  0000f410    00000064     StrctMultiSwNodeUI.obj (.text:_ZN18StrctMultiSwNodeUI9DelSelItmEv)
                  0000f474    00000064     Strct_Junc_Node_UI.obj (.text:_ZN18Strct_Junc_Node_UI9DelSelItmEv)
                  0000f4d8    00000064     StrctCompoNodeUI.obj (.text:_ZN19Strct_Compo_Node_UI5EnterEPP11Graph_App_IP12UI_Visitor_I)
                  0000f53c    00000064     StrctCompoNodeUI.obj (.text:_ZN19Strct_Compo_Node_UI9DelSelItmEv)
                  0000f5a0    00000064     Calc_DeadArea_Leaf_Ui.obj (.text:_ZN21Calc_DeadArea_Leaf_Ui15SetDeadSpan_RefEP18Clac_DeadArea_Leaf)
                  0000f604    00000064     Calc_DynamicScale_Leaf_Ui.obj (.text:_ZN25Calc_DynamicScale_Leaf_Ui15SetDynScale_RefEP22Calc_DynamicScale_Leaf)
                  0000f668    00000062     grlib.lib : keyboard.obj (.text:KeyboardPaint)
                  0000f6ca    00000002     Machine_Expo1.obj (.text:_ZN13Machine_Expo111GetInstanceEPt)
                  0000f6cc    00000060     driverlib.lib : timer.obj (.text:TimerConfigure)
                  0000f72c    00000060     Clac_DeadArea_Leaf.obj (.text:_ZN18Clac_DeadArea_LeafC1Ev)
                  0000f78c    00000060     Src_CstmSw_Leaf_Ui.obj (.text:_ZN18Src_CstmSw_Leaf_Ui9PaintModeEv)
                  0000f7ec    00000060     StrctMultiSwNodeUI.obj (.text:_ZN18StrctMultiSwNodeUI5EnterEPP11Graph_App_IP12UI_Visitor_I)
                  0000f84c    00000060     StrctChnlNodeUI.obj (.text:_ZN18Strct_Chnl_Node_UI5EnterEPP11Graph_App_IP12UI_Visitor_I)
                  0000f8ac    00000060     Strct_Junc_Node_UI.obj (.text:_ZN18Strct_Junc_Node_UI5EnterEPP11Graph_App_IP12UI_Visitor_I)
                  0000f90c    00000060     StrctCompoNodeUI.obj (.text:_ZN19Strct_Compo_Node_UI4GrabEv)
                  0000f96c    00000060     Strct_SaveLoad_Node_UI.obj (.text:_ZN22Strct_SaveLoad_Node_UI4GrabEv)
                  0000f9cc    0000005e     grlib.lib : widget.obj (.text:WidgetMessageSendPreOrder)
                  0000fa2a    0000005c     ModelManager.obj (.text:_ZN12ModelManager7GetNameEPc)
                  0000fa86    00000002     Machine_Expo1.obj (.text:_ZN13Machine_Expo1D1Ev)
                  0000fa88    0000005c     Src_CstmSw_Leaf_Ui.obj (.text:_ZN18Src_CstmSw_Leaf_Ui3EscEPP11Graph_App_IP12UI_Visitor_I)
                  0000fae4    0000005c     Calc_ScaleSw_Leaf_Ui.obj (.text:_ZN20Calc_ScaleSw_Leaf_UiC1Ev)
                  0000fb40    0000005c     Time_Blinker_Leaf_UI.obj (.text:_ZN20Time_Blinker_Leaf_UI3EscEPP11Graph_App_IP12UI_Visitor_I)
                  0000fb9c    0000005c     Calc_Quantizer_Leaf_UI.obj (.text:_ZN22Calc_Quantizer_Leaf_UI3EscEPP11Graph_App_IP12UI_Visitor_I)
                  0000fbf8    0000005c     Strct_SaveLoad_Node_UI.obj (.text:_ZN22Strct_SaveLoad_Node_UI5EnterEPP11Graph_App_IP12UI_Visitor_I)
                  0000fc54    0000005c     Quadlet.obj (.text:_ZN7Quadlet3EscEPP11Graph_App_IP12UI_Visitor_I)
                  0000fcb0    0000005c     Quadlet.obj (.text:_ZN7Quadlet4GrabEv)
                  0000fd0c    0000005c     Quadlett.obj (.text:_ZN8Quadlett11AddChnlPairEv)
                  0000fd68    0000005a     grlib.lib : string.obj (.text:FontWideGlyphDataGet)
                  0000fdc2    0000005a     ModelManager.obj (.text:_ZN12ModelManager8SaveNameEPc)
                  0000fe1c    0000005a     Src_CstmSw_Leaf_Ui.obj (.text:_ZN18Src_CstmSw_Leaf_Ui2UpEs)
                  0000fe76    0000005a     Time_Blinker_Leaf_UI.obj (.text:_ZN20Time_Blinker_Leaf_UI2UpEs)
                  0000fed0    00000058     Kentec320x240x16_ssd2119_8bit.obj (.text:Kentec320x240x16_SSD2119PixelDraw)
                  0000ff28    00000058     driverlib.lib : timer.obj (.text:TimerControlTrigger)
                  0000ff80    00000058     Strct_Junc_Node.obj (.text:_ZN15Strct_Junc_NodeC1Ev)
                  0000ffd8    00000058     Strct_Compo_Node.obj (.text:_ZN16Strct_Compo_NodeC1Ev)
                  00010030    00000058     Time_Blinker_Leaf.obj (.text:_ZN17Time_Blinker_Leaf9DelSlotAtEt)
                  00010088    00000058     Calc_Quantizer_Leaf.obj (.text:_ZN19Calc_Quantizer_Leaf11DeserializeEP15SerializeDest_I)
                  000100e0    00000058     Calc_Quantizer_Leaf.obj (.text:_ZN19Calc_Quantizer_Leaf7AddMarkEv)
                  00010138    00000058     Calc_Quantizer_Leaf.obj (.text:_ZN19Calc_Quantizer_Leaf9SerializeEP15SerializeDest_I)
                  00010190    00000058     Calc_Quantizer_Leaf.obj (.text:_ZN19Calc_Quantizer_LeafC1Ev)
                  000101e8    00000058     Strct_ChnlMngr_Node.obj (.text:_ZN19Strct_ChnlMngr_NodeC1Ev)
                  00010240    00000058     StrctCompoNodeUI.obj (.text:_ZN19Strct_Compo_Node_UI3EscEPP11Graph_App_IP12UI_Visitor_I)
                  00010298    00000058     Calc_Multiplication_Leaf.obj (.text:_ZN24Calc_Multiplication_LeafC1Ev)
                  000102f0    00000058     Quadlet.obj (.text:_ZN7Quadlet8OnRefSetEv)
                  00010348    00000056     Src_CstmSw_Leaf.obj (.text:_ZN15Src_CstmSw_Leaf13DelChnlPairAtEt)
                  0001039e    00000056     SystickNotifier.obj (.text:_ZN15SystickNotifier9SubscribeEP9Systick_I)
                  000103f4    00000056     Time_Blinker_Leaf.obj (.text:_ZN17Time_Blinker_Leaf7AddSlotEv)
                  0001044a    00000056     Strct_Junc_Node_UI.obj (.text:_ZN18Strct_Junc_Node_UI4GrabEv)
                  000104a0    00000056     Calc_Quantizer_Leaf.obj (.text:_ZN19Calc_Quantizer_Leaf7DelMarkEt)
                  000104f6    00000056     Time_Integrator_Leaf.obj (.text:_ZN20Time_Integrator_Leaf9SerializeEP15SerializeDest_I)
                  0001054c    00000056     Strct_TopMenue_Node_UI.obj (.text:_ZN22Strct_TopMenue_Node_UI15SetTopMenue_RefEP19Strct_TopMenue_Node)
                  000105a2    00000002     Machine_uCAdc.obj (.text:_ZN13Machine_uCAdcD1Ev)
                  000105a4    00000054     ItemSelector.obj (.text:_ZN12ItemSelectorC1Ev)
                  000105f8    00000054     Strct_Chnl_Node.obj (.text:_ZN15Strct_Chnl_NodeC1Ev)
                  0001064c    00000054     Src_CstmSw_Leaf_Ui.obj (.text:_ZN18Src_CstmSw_Leaf_Ui4DownEs)
                  000106a0    00000054     Time_Blinker_Leaf_UI.obj (.text:_ZN20Time_Blinker_Leaf_UI4DownEs)
                  000106f4    00000054     Time_Blinker_Leaf_UI.obj (.text:_ZN20Time_Blinker_Leaf_UI4GrabEv)
                  00010748    00000054     Calc_Quantizer_Leaf_UI.obj (.text:_ZN22Calc_Quantizer_Leaf_UI2UpEs)
                  0001079c    00000054     Calc_MinMaxLimit_Leaf_Ui.obj (.text:_ZN24Calc_MinMaxLimit_Leaf_UiC1Ev)
                  000107f0    00000054     Quadlett.obj (.text:_ZN8Quadlett13DelChnlPairAtEt)
                  00010844    00000054     rtsv7M4_T_le_v4SPD16_eabi.lib : boot.obj (.text)
                  00010898    00000054                                   : exit.obj (.text)
                  000108ec    00000052     Src_CstmSw_Leaf.obj (.text:_ZN15Src_CstmSw_Leaf15AddSgndToPairInEts)
                  0001093e    00000052     Z_Wizard_Node_Ui.obj (.text:_ZN16Z_Wizard_Node_Ui13SetWizard_RefEP13Z_Wizard_Node)
                  00010990    00000052     Time_Blinker_Leaf.obj (.text:_ZN17Time_Blinker_Leaf16AddSgndToSlotDurEts)
                  000109e2    00000052     Notifier_InternTrimm.obj (.text:_ZN20Notifier_InternTrimm4SignEP19Src_InternTrim_Leaf)
                  00010a34    00000052     StrctChnlMngrNodeUI.obj (.text:_ZN22Strct_ChnlMngr_Node_UI20SetStrctChnlMngr_RefEP19Strct_ChnlMngr_Node)
                  00010a86    00000002     Ui_Identifier.obj (.text:_ZN13Ui_IdentifierD1Ev)
                  00010a88    00000050     driverlib.lib : sysctl.obj (.text:SysCtlPeripheralReset)
                  00010ad8    00000050     StorageHandler.obj (.text:_ZN14StorageHandler10GetU16bSeqEv)
                  00010b28    00000050     Calc_uCAdc_Leaf.obj (.text:_ZN15Calc_uCAdc_LeafC1Ev)
                  00010b78    00000050     Calc_ScaleSw_Leaf.obj (.text:_ZN17Calc_ScaleSw_LeafC1Ev)
                  00010bc8    00000050     Calc_Addition_Leaf.obj (.text:_ZN18Calc_Addition_LeafC1Ev)
                  00010c18    00000050     StrctMultiSwNodeUI.obj (.text:_ZN18StrctMultiSwNodeUI3EscEPP11Graph_App_IP12UI_Visitor_I)
                  00010c68    00000050     StrctChnlNodeUI.obj (.text:_ZN18Strct_Chnl_Node_UI3EscEPP11Graph_App_IP12UI_Visitor_I)
                  00010cb8    00000050     Strct_Junc_Node_UI.obj (.text:_ZN18Strct_Junc_Node_UI3EscEPP11Graph_App_IP12UI_Visitor_I)
                  00010d08    00000050     Strct_ChnlMngr_Node.obj (.text:_ZN19Strct_ChnlMngr_Node3RunEPfj)
                  00010d58    00000050     Strct_SaveLoad_Node.obj (.text:_ZN19Strct_SaveLoad_NodeC1Ev)
                  00010da8    00000050     Strct_TopMenue_Node.obj (.text:_ZN19Strct_TopMenue_NodeC1Ev)
                  00010df8    00000050     TimeCalc_Ramp_Leaf_UI.obj (.text:_ZN21TimeCalc_Ramp_Leaf_UI3EscEPP11Graph_App_IP12UI_Visitor_I)
                  00010e48    00000050     CalcMultiplicationLeafUI.obj (.text:_ZN27Calc_Multiplication_Leaf_UI3EscEPP11Graph_App_IP12UI_Visitor_I)
                  00010e98    0000004e     Strct_Chnl_Node.obj (.text:_ZN15Strct_Chnl_Node9SerializeEP15SerializeDest_I)
                  00010ee6    0000004e     Calc_Quantizer_Leaf_UI.obj (.text:_ZN22Calc_Quantizer_Leaf_UI4DownEs)
                  00010f34    0000004e     Quadlett.obj (.text:_ZN8Quadlett15AddSgndToPairInEts)
                  00010f82    00000002     Z_Wizard_Node.obj (.text:_ZN13Z_Wizard_Node11DeserializeEP15SerializeDest_I)
                  00010f84    0000004c     grlib.lib : widget.obj (.text:WidgetRemove)
                  00010fd0    0000004c     Calc_Expo1_Leaf_Ui.obj (.text:_ZN18Calc_Expo1_Leaf_Ui14RefreshButtonsEv)
                  0001101c    0000004c     Src_CstmSw_Leaf_Ui.obj (.text:_ZN18Src_CstmSw_Leaf_Ui14RefreshButtonsEv)
                  00011068    0000004c     Z_SystemConfig_Leaf.obj (.text:_ZN19Z_SystemConfig_LeafC1Ev)
                  000110b4    0000004c     Time_Blinker_Leaf_UI.obj (.text:_ZN20Time_Blinker_Leaf_UI14RefreshButtonsEv)
                  00011100    0000004c     Calc_Quantizer_Leaf_UI.obj (.text:_ZN22Calc_Quantizer_Leaf_UI14RefreshButtonsEv)
                  0001114c    0000004c     Strct_SaveLoad_Node_UI.obj (.text:_ZN22Strct_SaveLoad_Node_UI3EscEPP11Graph_App_IP12UI_Visitor_I)
                  00011198    0000004c     Strct_SaveLoad_Node_UI.obj (.text:_ZN22Strct_SaveLoad_Node_UI5RightEv)
                  000111e4    0000004c     Calc_DynamicScale_Leaf_Ui.obj (.text:_ZN25Calc_DynamicScale_Leaf_Ui14RefreshButtonsEv)
                  00011230    0000004c     Source.obj (.text:_ZN6Source12NewTrigCompoEv)
                  0001127c    0000004c     Quadlet.obj (.text:_ZN7Quadlet14RefreshButtonsEv)
                  000112c8    0000004c     rtsv7M4_T_le_v4SPD16_eabi.lib : cpy_tbl.obj (.text)
                  00011314    0000004a     grlib.lib : string.obj (.text:UpdateContextCharMapping)
                  0001135e    00000002     Z_Wizard_Node.obj (.text:_ZN13Z_Wizard_Node11NullSerCntrEv)
                  00011360    00000048     driverlib.lib : gpio.obj (.text:GPIOPinConfigure)
                  000113a8    00000048                   : sysctl.obj (.text:_SysCtlFrequencyGet)
                  000113f0    00000048     Machine_CstmSw.obj (.text:_ZN14Machine_CstmSwC1Ev)
                  00011438    00000048     Time_Blinker_Leaf.obj (.text:_ZN17Time_Blinker_Leaf10TickNotifyEv)
                  00011480    00000048     Wizard_IntTrim_Ui.obj (.text:_ZN17Wizard_IntTrim_Ui17SetIntTrimWiz_RefEP17Wizard_InternTrim)
                  000114c8    00000048     Calc_uCAdc_Leaf_UI.obj (.text:_ZN18Calc_uCAdc_Leaf_UI3EscEPP11Graph_App_IP12UI_Visitor_I)
                  00011510    00000048     CalcAdditionLeafUI.obj (.text:_ZN21Calc_Addition_Leaf_UI3EscEPP11Graph_App_IP12UI_Visitor_I)
                  00011558    00000048     Calc_DeadArea_Leaf_Ui.obj (.text:_ZN21Calc_DeadArea_Leaf_Ui12MarkSelectedEv)
                  000115a0    00000048     Calc_MinMaxLimit_Leaf.obj (.text:_ZN21Calc_MinMaxLimit_LeafC1Ev)
                  000115e8    00000048     Src_InternTrim_Leaf_UI.obj (.text:_ZN22Src_InternTrim_Leaf_UI3EscEPP11Graph_App_IP12UI_Visitor_I)
                  00011630    00000048     Strct_SaveLoad_Node_UI.obj (.text:_ZN22Strct_SaveLoad_Node_UI4LeftEv)
                  00011678    00000048     Source.obj (.text:_ZN6Source9SerializeEP15SerializeDest_I)
                  000116c0    00000048     rtsv7M4_T_le_v4SPD16_eabi.lib : fd_toi_t2.obj (.text)
                  00011708    00000046     grlib.lib : line.obj (.text:GrLineDrawH)
                  0001174e    00000046               : line.obj (.text:GrLineDrawV)
                  00011794    00000046     driverlib.lib : uart.obj (.text:UARTConfigSetExpClk)
                  000117da    00000046     CharSelector.obj (.text:_ZN12CharSelector7PrvCharEv)
                  00011820    00000046     CharSelector.obj (.text:_ZN12CharSelector8NextCharEv)
                  00011866    00000046     Calc_ScaleSw_Leaf_Ui.obj (.text:_ZN20Calc_ScaleSw_Leaf_Ui14SetScaleSw_RefEP17Calc_ScaleSw_Leaf)
                  000118ac    00000046     Time_Integrator_Leaf_Ui.obj (.text:_ZN23Time_Integrator_Leaf_Ui2UpEs)
                  000118f2    00000046     Calc_MinMaxLimit_Leaf_Ui.obj (.text:_ZN24Calc_MinMaxLimit_Leaf_Ui14SetLimiter_RefEP21Calc_MinMaxLimit_Leaf)
                  00011938    00000044     Strct_CalcFactory.obj (.text:_ZN10Graph_NodeI11Graph_App_IE5EnterEPPS0_t)
                  0001197c    00000044     PoolOwnersUtils.obj (.text:_ZN14PoolOwnerUtils15AddToPoolLstEndEP16Strct_Compo_Node)
                  000119c0    00000044     Clac_DeadArea_Leaf.obj (.text:_ZN18Clac_DeadArea_Leaf9SerializeEP15SerializeDest_I)
                  00011a04    00000044     Machine_ScaleSwitch.obj (.text:_ZN19Machine_ScaleSwitchC1Ev)
                  00011a48    00000044     Calc_DynamicScale_Leaf.obj (.text:_ZN22Calc_DynamicScale_LeafC1Ev)
                  00011a8c    00000044     Strct_CalcFactory.obj (.text:_ZN4ListIP9I_MachineE6AddEndES1_)
                  00011ad0    00000042     StrctChnlNodeUI.obj (.text:_ZN18Strct_Chnl_Node_UI4GrabEv)
                  00011b12    00000002     Z_Wizard_Node.obj (.text:_ZN13Z_Wizard_Node3RunEPfj)
                  00011b14    00000040     driverlib.lib : eeprom.obj (.text:EEPROMInit)
                  00011b54    00000040     ItemSelector.obj (.text:_Z7NamePrsP8__Widget)
                  00011b94    00000040     Calc_Expo1_Leaf.obj (.text:_ZN15Calc_Expo1_LeafC1Ev)
                  00011bd4    00000040     Strct_Compo_Node.obj (.text:_ZN16Strct_Compo_Node11NullSerCntrEv)
                  00011c14    00000040     Calc_Expo1_Leaf_Ui.obj (.text:_ZN18Calc_Expo1_Leaf_Ui14EnterCompoPoolEv)
                  00011c54    00000040     Clac_DeadArea_Leaf.obj (.text:_ZN18Clac_DeadArea_Leaf3RunEPfj)
                  00011c94    00000040     Src_CstmSw_Leaf_Ui.obj (.text:_ZN18Src_CstmSw_Leaf_Ui4LeftEv)
                  00011cd4    00000040     Src_CstmSw_Leaf_Ui.obj (.text:_ZN18Src_CstmSw_Leaf_Ui5RightEv)
                  00011d14    00000040     StrctMultiSwNodeUI.obj (.text:_ZN18StrctMultiSwNodeUI14EnterCompoPoolEPP11Graph_App_IP12UI_Visitor_I)
                  00011d54    00000040     Strct_Junc_Node_UI.obj (.text:_ZN18Strct_Junc_Node_UI14EnterCompoPoolEPP11Graph_App_IP12UI_Visitor_I)
                  00011d94    00000040     StrctCompoNodeUI.obj (.text:_ZN19Strct_Compo_Node_UI11EnterModFacEPP11Graph_App_IP12UI_Visitor_I)
                  00011dd4    00000040     StrctCompoNodeUI.obj (.text:_ZN19Strct_Compo_Node_UI14EnterCompoPoolEPP11Graph_App_IP12UI_Visitor_I)
                  00011e14    00000040     Time_Blinker_Leaf_UI.obj (.text:_ZN20Time_Blinker_Leaf_UI4LeftEv)
                  00011e54    00000040     Time_Blinker_Leaf_UI.obj (.text:_ZN20Time_Blinker_Leaf_UI5RightEv)
                  00011e94    00000040     Calc_Quantizer_Leaf_UI.obj (.text:_ZN22Calc_Quantizer_Leaf_UI4LeftEv)
                  00011ed4    00000040     Calc_Quantizer_Leaf_UI.obj (.text:_ZN22Calc_Quantizer_Leaf_UI5RightEv)
                  00011f14    00000040     Strct_SaveLoad_Node_UI.obj (.text:_ZN22Strct_SaveLoad_Node_UI2UpEv)
                  00011f54    00000040     Calc_DynamicScale_Leaf_Ui.obj (.text:_ZN25Calc_DynamicScale_Leaf_Ui14EnterCompoPoolEv)
                  00011f94    00000040     Quadlet.obj (.text:_ZN7Quadlet4LeftEv)
                  00011fd4    00000040     Quadlet.obj (.text:_ZN7Quadlet5RightEv)
                  00012014    0000003e     driverlib.lib : adc.obj (.text:ADCSequenceConfigure)
                  00012052    0000003e     Strct_Compo_Node.obj (.text:_ZN16Strct_Compo_Node3RunEPfj)
                  00012090    0000003e     StrctMultiSwNodeUI.obj (.text:_ZN18StrctMultiSwNodeUI5RightEv)
                  000120ce    0000003e     Strct_Junc_Node_UI.obj (.text:_ZN18Strct_Junc_Node_UI5RightEv)
                  0001210c    0000003e     StrctCompoNodeUI.obj (.text:_ZN19Strct_Compo_Node_UI5RightEv)
                  0001214a    00000002     Z_Wizard_Node.obj (.text:_ZN13Z_Wizard_Node9SerializeEP15SerializeDest_I)
                  0001214c    0000003c     driverlib.lib : eeprom.obj (.text:_EEPROMSectorMaskSet)
                  00012188    0000003c     Strct_CalcFactory.obj (.text:_ZN10Graph_NodeI11Graph_App_IE8FindLoopEPS0_)
                  000121c4    0000003c     ModelManager.obj (.text:_ZN12ModelManager13CreateModNmbrEj)
                  00012200    0000003c     Machine_DynScale.obj (.text:_ZN16Machine_DynScaleC1Ev)
                  0001223c    0000003c     Machine_Quantizer.obj (.text:_ZN17Machine_QuantizerC1Ev)
                  00012278    0000003c     Strct_CalcFactory.obj (.text:_ZN17Strct_CalcFactory15GetModuleByTypeEt)
                  000122b4    0000003c     Calc_Expo1_Leaf_Ui.obj (.text:_ZN18Calc_Expo1_Leaf_Ui4GrabEv)
                  000122f0    0000003c     Machine_Integrator.obj (.text:_ZN18Machine_IntegratorC1Ev)
                  0001232c    0000003c     StrctMultiSwNodeUI.obj (.text:_ZN18StrctMultiSwNodeUI4LeftEv)
                  00012368    0000003c     StrctChnlNodeUI.obj (.text:_ZN18Strct_Chnl_Node_UI4LeftEv)
                  000123a4    0000003c     Strct_Junc_Node_UI.obj (.text:_ZN18Strct_Junc_Node_UI4LeftEv)
                  000123e0    0000003c     StrctCompoNodeUI.obj (.text:_ZN19Strct_Compo_Node_UI4LeftEv)
                  0001241c    0000003c     Strct_SaveLoad_Node_UI.obj (.text:_ZN22Strct_SaveLoad_Node_UI4DownEv)
                  00012458    0000003c     Calc_DynamicScale_Leaf_Ui.obj (.text:_ZN25Calc_DynamicScale_Leaf_Ui4GrabEv)
                  00012494    0000003a     grlib.lib : string.obj (.text:FontGlyphDataGet)
                  000124ce    0000003a     StrctChnlNodeUI.obj (.text:_ZN18Strct_Chnl_Node_UI5RightEv)
                  00012508    0000003a     TimeCalc_Ramp_Leaf.obj (.text:_ZN18TimeCalc_Ramp_Leaf9SerializeEP15SerializeDest_I)
                  00012542    0000003a     Strct_ChnlMngr_Node.obj (.text:_ZN19Strct_ChnlMngr_Node11DeserializeEP15SerializeDest_I)
                  0001257c    0000003a     Strct_ChnlMngr_Node.obj (.text:_ZN19Strct_ChnlMngr_Node9SerializeEP15SerializeDest_I)
                  000125b6    00000002     Machine_CstmSw.obj (.text:_ZN14Machine_CstmSw11GetInstanceEPt)
                  000125b8    00000038     driverlib.lib : eeprom.obj (.text:EEPROMRead)
                  000125f0    00000038     Ui_Identifier.obj (.text:_ZN13Ui_IdentifierC1Ev)
                  00012628    00000038     Machine_DeadArea.obj (.text:_ZN16Machine_DeadAreaC1Ev)
                  00012660    00000038     Strct_MultSw_Node.obj (.text:_ZN17Strct_MultSw_NodeC1Ev)
                  00012698    00000038     Calc_Expo1_Leaf_Ui.obj (.text:_ZN18Calc_Expo1_Leaf_Ui3EscEPP11Graph_App_IP12UI_Visitor_I)
                  000126d0    00000038     Clac_DeadArea_Leaf.obj (.text:_ZN18Clac_DeadArea_Leaf11DeserializeEP15SerializeDest_I)
                  00012708    00000038     Src_CstmSw_Leaf_Ui.obj (.text:_ZN18Src_CstmSw_Leaf_Ui4GrabEv)
                  00012740    00000038     Src_CstmSw_Leaf_Ui.obj (.text:_ZN18Src_CstmSw_Leaf_UiC1Ev)
                  00012778    00000038     Strct_SaveLoad_Node.obj (.text:_ZN19Strct_SaveLoad_Node16GetFreeSpacePercEv)
                  000127b0    00000038     Calc_DeadArea_Leaf_Ui.obj (.text:_ZN21Calc_DeadArea_Leaf_Ui3EscEPP11Graph_App_IP12UI_Visitor_I)
                  000127e8    00000038     Strct_TopMenue_Node_UI.obj (.text:_ZN22Strct_TopMenue_Node_UI5EnterEPP11Graph_App_IP12UI_Visitor_I)
                  00012820    00000038     Z_MusicControl_Leaf_Ui.obj (.text:_ZN22Z_MusicControl_Leaf_Ui19SetMusicControl_RefEP14Z_MusicControl)
                  00012858    00000038     Calc_DynamicScale_Leaf_Ui.obj (.text:_ZN25Calc_DynamicScale_Leaf_Ui3EscEPP11Graph_App_IP12UI_Visitor_I)
                  00012890    00000038     Wizard_TwoChnlModl_Leaf_Ui.obj (.text:_ZN26Wizard_TwoChnlModl_Leaf_Ui3EscEPP11Graph_App_IP12UI_Visitor_I)
                  000128c8    00000038     Quadlet.obj (.text:_ZN7Quadlet13SetModuleNameEPct)
                  00012900    00000038     Quadlet.obj (.text:_ZN7Quadlet16SetRubric_3_NameEPct)
                  00012938    00000038     Quadlet.obj (.text:_ZN7Quadlet16SetRubric_4_NameEPct)
                  00012970    00000038     rtsv7M4_T_le_v4SPD16_eabi.lib : fs_tod_t2.obj (.text)
                  000129a8    00000036     Strct_PoolOwner_UI.obj (.text:_ZN18Strct_PoolOwner_UI16SetPoolOwner_RefEP20Strct_PoolOwner_Node)
                  000129de    00000002     Machine_CstmSw.obj (.text:_ZN14Machine_CstmSwD1Ev)
                  000129e0    00000034     driverlib.lib : sysctl.obj (.text:SysCtlPeripheralEnable)
                  00012a14    00000034                   : eeprom.obj (.text:_EEPROMSectorMaskClear)
                  00012a48    00000034     ModelManager.obj (.text:_ZN12ModelManager14GetNameOfModelEPct)
                  00012a7c    00000034     Machine_Blinker.obj (.text:_ZN15Machine_BlinkerC1Ev)
                  00012ab0    00000034     Strct_Chnl_Node.obj (.text:_ZN15Strct_Chnl_Node11NullSerCntrEv)
                  00012ae4    00000034     Z_Wizard_Node_Ui.obj (.text:_ZN16Z_Wizard_Node_Ui3EscEPP11Graph_App_IP12UI_Visitor_I)
                  00012b18    00000034     Strct_MultSw_Node.obj (.text:_ZN17Strct_MultSw_Node11NullSerCntrEv)
                  00012b4c    00000034     Wizard_IntTrim_Ui.obj (.text:_ZN17Wizard_IntTrim_Ui3EscEPP11Graph_App_IP12UI_Visitor_I)
                  00012b80    00000034     Strct_ChnlMngr_Node.obj (.text:_ZN19Strct_ChnlMngr_Node11NullSerCntrEv)
                  00012bb4    00000034     Calc_DeadArea_Leaf_Ui.obj (.text:_ZN21Calc_DeadArea_Leaf_Ui2UpEs)
                  00012be8    00000034     Calc_DeadArea_Leaf_Ui.obj (.text:_ZN21Calc_DeadArea_Leaf_Ui4DownEs)
                  00012c1c    00000034     Z_MusicControl_Leaf_Ui.obj (.text:_ZN22Z_MusicControl_Leaf_Ui2UpEv)
                  00012c50    00000034     Z_MusicControl_Leaf_Ui.obj (.text:_ZN22Z_MusicControl_Leaf_Ui3EscEPP11Graph_App_IP12UI_Visitor_I)
                  00012c84    00000034     Z_SystemConfig_Leaf_UI.obj (.text:_ZN22Z_SystemConfig_Leaf_UI3EscEPP11Graph_App_IP12UI_Visitor_I)
                  00012cb8    00000034     Quadlet.obj (.text:_ZN7QuadletC1Ev)
                  00012cec    00000032     CharSelector.obj (.text:_ZN12CharSelector6TypeUpEv)
                  00012d1e    00000032     CharSelector.obj (.text:_ZN12CharSelector8TypeDownEv)
                  00012d50    00000032     StorageHandler.obj (.text:_ZN14StorageHandler6FormatEv)
                  00012d82    00000032     TimeCalc_Ramp_Leaf.obj (.text:_ZN18TimeCalc_Ramp_Leaf11DeserializeEP15SerializeDest_I)
                  00012db4    00000030     grlib.lib : keyboard.obj (.text:KeyboardMsgProc)
                  00012de4    00000030     ItemSelector.obj (.text:_ZN12ItemSelector5PaintEv)
                  00012e14    00000030     ItemSelector.obj (.text:_ZN12ItemSelector7SetNameEPc)
                  00012e44    00000030     Machine_Expo1.obj (.text:_ZN13Machine_Expo1C1Ev)
                  00012e74    00000030     StorageHandler.obj (.text:_ZN14StorageHandler15GetAmtUsedBlockEv)
                  00012ea4    00000030     Z_MusicControl.obj (.text:_ZN14Z_MusicControl14CatchUnderflowEPtsj)
                  00012ed4    00000030     Machine_MinMaxLimit.obj (.text:_ZN19Machine_MinMaxLimitC1Ev)
                  00012f04    00000030     Src_InternTrim_Leaf.obj (.text:_ZN19Src_InternTrim_Leaf11DeserializeEP15SerializeDest_I)
                  00012f34    00000030     Strct_CalcFactory_UI.obj (.text:_ZN20Strct_CalcFactory_UI5EnterEPP11Graph_App_IP12UI_Visitor_I)
                  00012f64    00000030     Calc_Quantizer_Leaf_UI.obj (.text:_ZN22Calc_Quantizer_Leaf_UI4GrabEv)
                  00012f94    00000030     Strct_SaveLoad_Node_UI.obj (.text:_ZN22Strct_SaveLoad_Node_UI14SetNameSelctedEv)
                  00012fc4    00000030     Z_MusicControl_Leaf_Ui.obj (.text:_ZN22Z_MusicControl_Leaf_Ui13PaintSelectedEv)
                  00012ff4    00000030     Z_MusicControl_Leaf_Ui.obj (.text:_ZN22Z_MusicControl_Leaf_Ui4DownEv)
                  00013024    00000030     Z_SystemConfig_Leaf_UI.obj (.text:_ZN22Z_SystemConfig_Leaf_UI16SetSysConfig_RefEP19Z_SystemConfig_Leaf)
                  00013054    00000030     Wizard_TwoChnlModl_Leaf.obj (.text:_ZN23Wizard_TwoChnlModl_Leaf8GetInt16Ev)
                  00013084    00000030     grlib_demo.obj (.text:_ZN4ListIP11Graph_App_IE2AtEj)
                  000130b4    00000030     grlib_demo.obj (.text:_ZN4ListIP16Strct_Compo_NodeE2AtEj)
                  000130e4    00000030     Notifier_InternTrimm.obj (.text:_ZN4ListIP19Src_InternTrim_LeafE2AtEj)
                  00013114    00000030     Strct_CalcFactory.obj (.text:_ZN4ListIP9I_MachineE2AtEj)
                  00013144    00000030     SystickNotifier.obj (.text:_ZN4ListIP9Systick_IE2AtEj)
                  00013174    00000030     Src_CstmSw_Leaf.obj (.text:_ZN4ListIPN15Src_CstmSw_Leaf11digChnlPairEE2AtEj)
                  000131a4    00000030     Time_Blinker_Leaf.obj (.text:_ZN4ListIPN17Time_Blinker_Leaf8timeSlotEE2AtEj)
                  000131d4    00000030     Calc_Quantizer_Leaf.obj (.text:_ZN4ListIPN19Calc_Quantizer_Leaf9quantPairEE2AtEj)
                  00013204    00000030     Calc_MinMaxLimit_Leaf.obj (.text:_ZN4ListIPN8Quadlett11digChnlPairEE2AtEj)
                  00013234    00000030     Source.obj (.text:_ZN6SourceC1Ev)
                  00013264    00000030     rtsv7M4_T_le_v4SPD16_eabi.lib : new_.obj (.text)
                  00013294    0000002e     driverlib.lib : adc.obj (.text:ADCIntStatus)
                  000132c2    0000002e     grlib.lib : string.obj (.text:GrStringNextCharGet)
                  000132f0    0000002e     ModelManager.obj (.text:_ZN12ModelManager15SetCurModByNmbrEj)
                  0001331e    0000002e     Src_InternTrim_Leaf.obj (.text:_ZN19Src_InternTrim_Leaf9SerializeEP15SerializeDest_I)
                  0001334c    0000002e     rtsv7M4_T_le_v4SPD16_eabi.lib : i_tofd_t2.obj (.text)
                  0001337a    0000002c     grlib.lib : string.obj (.text:GrFontBaselineGet)
                  000133a6    0000002c               : string.obj (.text:GrFontHeightGet)
                  000133d2    0000002c               : pushbutton.obj (.text:RectangularButtonMsgProc)
                  000133fe    0000002c               : widget.obj (.text:WidgetIsInTree)
                  0001342a    00000002     PoolOwnersUtils.obj (.text:_ZN14PoolOwnerUtilsC1Ev)
                  0001342c    0000002c     grlib_demo.obj (.text:_Z9DelModPrsv)
                  00013458    0000002c     Time_Blinker_Leaf.obj (.text:_ZN17Time_Blinker_LeafD1Ev)
                  00013484    0000002c     Clac_DeadArea_Leaf.obj (.text:_ZN18Clac_DeadArea_Leaf13AddSngdToSpanEf)
                  000134b0    0000002c     TimeCalc_Ramp_Leaf.obj (.text:_ZN18TimeCalc_Ramp_LeafD1Ev)
                  000134dc    0000002c     Strct_CalcFactory_UI.obj (.text:_ZN20Strct_CalcFactory_UI18SetCalcFactory_RefEP17Strct_CalcFactory)
                  00013508    0000002c     Time_Integrator_Leaf.obj (.text:_ZN20Time_Integrator_Leaf10AddSngRateEs)
                  00013534    0000002c     Strct_SaveLoad_Node_UI.obj (.text:_ZN22Strct_SaveLoad_Node_UI14EnableNameModeEv)
                  00013560    0000002c     Strct_SaveLoad_Node_UI.obj (.text:_ZN22Strct_SaveLoad_Node_UI18SetNameUnseclectedEv)
                  0001358c    0000002c     Time_Integrator_Leaf_Ui.obj (.text:_ZN23Time_Integrator_Leaf_UiC1Ev)
                  000135b8    0000002a     driverlib.lib : gpio.obj (.text:GPIODirModeSet)
                  000135e2    0000002a     StorageHandler.obj (.text:_ZN14StorageHandler11GetNxtBlockEjt)
                  0001360c    0000002a     Calc_Expo1_Leaf_Ui.obj (.text:_ZN18Calc_Expo1_Leaf_Ui4LeftEv)
                  00013636    0000002a     Calc_Expo1_Leaf_Ui.obj (.text:_ZN18Calc_Expo1_Leaf_Ui5RightEv)
                  00013660    0000002a     Calc_DynamicScale_Leaf_Ui.obj (.text:_ZN25Calc_DynamicScale_Leaf_Ui4LeftEv)
                  0001368a    0000002a     Calc_DynamicScale_Leaf_Ui.obj (.text:_ZN25Calc_DynamicScale_Leaf_Ui5RightEv)
                  000136b4    00000028     driverlib.lib : timer.obj (.text:TimerUpdateMode)
                  000136dc    00000028     ItemSelector.obj (.text:_ZN12ItemSelector14SetNameSelctedEv)
                  00013704    00000028     MachineRamp.obj (.text:_ZN12Machine_RampC1Ev)
                  0001372c    00000028     ModelManager.obj (.text:_ZN12ModelManager12CreateModAdrEj)
                  00013754    00000028     Strct_Dummy_Leaf.obj (.text:_ZN16Strct_Dummy_LeafC1Ev)
                  0001377c    00000028     Z_Wizard_Node_Ui.obj (.text:_ZN16Z_Wizard_Node_Ui5EnterEPP11Graph_App_IP12UI_Visitor_I)
                  000137a4    00000028     Calc_Expo1_Leaf_Ui.obj (.text:_ZN18Calc_Expo1_Leaf_Ui10ConFcnBtnsEv)
                  000137cc    00000028     Machine_InternTrim.obj (.text:_ZN18Machine_InternTrimC1Ev)
                  000137f4    00000028     Src_CstmSw_Leaf_Ui.obj (.text:_ZN18Src_CstmSw_Leaf_Ui10ConFcnBtnsEv)
                  0001381c    00000028     Src_CstmSw_Leaf_Ui.obj (.text:_ZN18Src_CstmSw_Leaf_Ui5DelInEv)
                  00013844    00000028     StrctChnlNodeUI.obj (.text:_ZN18Strct_Chnl_Node_UI10ConFcnBtnsEv)
                  0001386c    00000028     Strct_Junc_Node_UI.obj (.text:_ZN18Strct_Junc_Node_UI10ConFcnBtnsEv)
                  00013894    00000028     TimeCalc_Ramp_Leaf.obj (.text:_ZN18TimeCalc_Ramp_Leaf13SetPercPerSecEtt)
                  000138bc    00000028     Src_InternTrim_Leaf.obj (.text:_ZN19Src_InternTrim_Leaf6NotifyEt)
                  000138e4    00000028     StrctCompoNodeUI.obj (.text:_ZN19Strct_Compo_Node_UI10ConFcnBtnsEv)
                  0001390c    00000028     Time_Blinker_Leaf_UI.obj (.text:_ZN20Time_Blinker_Leaf_UI10ConFcnBtnsEv)
                  00013934    00000028     Time_Blinker_Leaf_UI.obj (.text:_ZN20Time_Blinker_Leaf_UI5DelInEv)
                  0001395c    00000028     Time_Blinker_Leaf_UI.obj (.text:_ZN20Time_Blinker_Leaf_UIC1Ev)
                  00013984    00000028     TimeCalc_Ramp_Leaf_UI.obj (.text:_ZN21TimeCalc_Ramp_Leaf_UIC1Ev)
                  000139ac    00000028     Calc_Quantizer_Leaf_UI.obj (.text:_ZN22Calc_Quantizer_Leaf_UI10ConFcnBtnsEv)
                  000139d4    00000028     Calc_Quantizer_Leaf_UI.obj (.text:_ZN22Calc_Quantizer_Leaf_UI7DelMarkEv)
                  000139fc    00000028     Calc_Quantizer_Leaf_UI.obj (.text:_ZN22Calc_Quantizer_Leaf_UIC1Ev)
                  00013a24    00000028     StrctChnlMngrNodeUI.obj (.text:_ZN22Strct_ChnlMngr_Node_UI5EnterEPP11Graph_App_IP12UI_Visitor_I)
                  00013a4c    00000028     Strct_SaveLoad_Node_UI.obj (.text:_ZN22Strct_SaveLoad_Node_UI10ConFcnBtnsEv)
                  00013a74    00000028     Strct_SaveLoad_Node_UI.obj (.text:_ZN22Strct_SaveLoad_Node_UI7SaveModEv)
                  00013a9c    00000028     Strct_SaveLoad_Node_UI.obj (.text:_ZN22Strct_SaveLoad_Node_UIC1Ev)
                  00013ac4    00000028     Wizard_TwoChnlModl_Leaf.obj (.text:_ZN23Wizard_TwoChnlModl_Leaf4ShowEP12UI_Visitor_I)
                  00013aec    00000028     Calc_DynamicScale_Leaf_Ui.obj (.text:_ZN25Calc_DynamicScale_Leaf_Ui10ConFcnBtnsEv)
                  00013b14    00000028     Wizard_TwoChnlModl_Leaf_Ui.obj (.text:_ZN26Wizard_TwoChnlModl_Leaf_Ui12MarkSelectedEv)
                  00013b3c    00000028     Wizard_TwoChnlModl_Leaf_Ui.obj (.text:_ZN26Wizard_TwoChnlModl_Leaf_UiC1Ev)
                  00013b64    00000028     Quadlet.obj (.text:_ZN7Quadlet10ConFcnBtnsEv)
                  00013b8c    00000026     grlib.lib : string.obj (.text:GrFontInfoGet)
                  00013bb2    00000026     ItemSelector.obj (.text:_ZN12ItemSelector8ItemGrabEv)
                  00013bd8    00000026     Strct_PoolOwner_UI.obj (.text:_ZN18Strct_PoolOwner_UI2UpEv)
                  00013bfe    00000026     Strct_CalcFactory_UI.obj (.text:_ZN20Strct_CalcFactory_UI2UpEv)
                  00013c24    00000026     Time_Integrator_Leaf.obj (.text:_ZN20Time_Integrator_Leaf12AddSngResSelEs)
                  00013c4a    00000026     Strct_TopMenue_Node_UI.obj (.text:_ZN22Strct_TopMenue_Node_UI3EscEPP11Graph_App_IP12UI_Visitor_I)
                  00013c70    00000024     grlib_demo.obj (.text:_Z10OnRotaryUpv)
                  00013c94    00000024     grlib_demo.obj (.text:_Z12OnRotaryDownv)
                  00013cb8    00000024     ItemSelector.obj (.text:_ZN12ItemSelector18SetNameUnseclectedEv)
                  00013cdc    00000024     Machine_uCAdc.obj (.text:_ZN13Machine_uCAdcC1Ev)
                  00013d00    00000024     Calc_uCAdc_Leaf.obj (.text:_ZN15Calc_uCAdc_Leaf3RunEPfj)
                  00013d24    00000024     Notifier_InternTrimm.obj (.text:_ZN20Notifier_InternTrimm6NotifyEt)
                  00013d48    00000024     Calc_DeadArea_Leaf_Ui.obj (.text:_ZN21Calc_DeadArea_Leaf_UiC1Ev)
                  00013d6c    00000024     Strct_SaveLoad_Node_UI.obj (.text:_ZN22Strct_SaveLoad_Node_UI10UnmarkNameEv)
                  00013d90    00000024     Strct_SaveLoad_Node_UI.obj (.text:_ZN22Strct_SaveLoad_Node_UI8MarkNameEv)
                  00013db4    00000024     Time_Integrator_Leaf_Ui.obj (.text:_ZN23Time_Integrator_Leaf_Ui3EscEPP11Graph_App_IP12UI_Visitor_I)
                  00013dd8    00000024     Wizard_TwoChnlModl_Leaf.obj (.text:_ZN23Wizard_TwoChnlModl_Leaf9GetUint16Ev)
                  00013dfc    00000024     CalcMultiplicationLeafUI.obj (.text:_ZN27Calc_Multiplication_Leaf_UIC1Ev)
                  00013e20    00000024     Quadlet.obj (.text:_ZN7Quadlet12CorrectInSelEv)
                  00013e44    00000022     grlib.lib : string.obj (.text:GrFontGlyphDataGet)
                  00013e66    00000022     Calc_uCAdc_Leaf.obj (.text:_ZN15Calc_uCAdc_Leaf9SerializeEP15SerializeDest_I)
                  00013e88    00000022     SystickNotifier.obj (.text:_ZN15SystickNotifier6NotifyEv)
                  00013eaa    00000022     Calc_Addition_Leaf.obj (.text:_ZN18Calc_Addition_Leaf9SerializeEP15SerializeDest_I)
                  00013ecc    00000022     Strct_CalcFactory_UI.obj (.text:_ZN20Strct_CalcFactory_UI4DownEv)
                  00013eee    00000022     Time_Integrator_Leaf.obj (.text:_ZN20Time_Integrator_Leaf9AddSngMaxEs)
                  00013f10    00000022     Time_Integrator_Leaf.obj (.text:_ZN20Time_Integrator_Leaf9AddSngMinEs)
                  00013f32    00000022     Calc_Multiplication_Leaf.obj (.text:_ZN24Calc_Multiplication_Leaf9SerializeEP15SerializeDest_I)
                  00013f54    00000020     driverlib.lib : uart.obj (.text:UARTDisable)
                  00013f74    00000020                   : sysctl.obj (.text:_SysCtlMemTimingGet)
                  00013f94    00000020     grlib_demo.obj (.text:_Z10DelJuncPrsv)
                  00013fb4    00000020     grlib_demo.obj (.text:_Z14ConBtns_ItmSelv)
                  00013fd4    00000020     grlib_demo.obj (.text:_Z14RemBtns_ItmSelv)
                  00013ff4    00000020     grlib_demo.obj (.text:_Z4OnUpv)
                  00014014    00000020     grlib_demo.obj (.text:_Z6DelPrsv)
                  00014034    00000020     grlib_demo.obj (.text:_Z6OnDownv)
                  00014054    00000020     grlib_demo.obj (.text:_Z6OnGrabv)
                  00014074    00000020     grlib_demo.obj (.text:_Z6OnLeftv)
                  00014094    00000020     grlib_demo.obj (.text:_Z7LoadPrsv)
                  000140b4    00000020     grlib_demo.obj (.text:_Z7OnRightv)
                  000140d4    00000020     ItemSelector.obj (.text:_ZN12ItemSelector10UnmarkNameEv)
                  000140f4    00000020     ItemSelector.obj (.text:_ZN12ItemSelector14EnableNameModeEv)
                  00014114    00000020     ItemSelector.obj (.text:_ZN12ItemSelector8MarkNameEv)
                  00014134    00000020     StorageHandler.obj (.text:_ZN14StorageHandler10GetU32bSeqEv)
                  00014154    00000020     StorageHandler.obj (.text:_ZN14StorageHandler11WriteU32bAtEjj)
                  00014174    00000020     StorageHandler.obj (.text:_ZN14StorageHandler12WriteU32bSeqEj)
                  00014194    00000020     StorageHandler.obj (.text:_ZN14StorageHandler9GetU32bAtEj)
                  000141b4    00000020     Calc_Addition_Leaf.obj (.text:_ZN18Calc_Addition_Leaf11DeserializeEP15SerializeDest_I)
                  000141d4    00000020     Strct_PoolOwner_UI.obj (.text:_ZN18Strct_PoolOwner_UI4DownEv)
                  000141f4    00000020     Strct_PoolOwner_Node.obj (.text:_ZN20Strct_PoolOwner_NodeD1Ev)
                  00014214    00000020     CalcAdditionLeafUI.obj (.text:_ZN21Calc_Addition_Leaf_UIC1Ev)
                  00014234    00000020     Calc_Multiplication_Leaf.obj (.text:_ZN24Calc_Multiplication_Leaf11DeserializeEP15SerializeDest_I)
                  00014254    00000020     Calc_Multiplication_Leaf.obj (.text:_ZN24Calc_Multiplication_Leaf3RunEPfj)
                  00014274    00000020     Wizard_TwoChnlModl_Leaf_Ui.obj (.text:_ZN26Wizard_TwoChnlModl_Leaf_Ui4LeftEs)
                  00014294    00000020     Wizard_TwoChnlModl_Leaf_Ui.obj (.text:_ZN26Wizard_TwoChnlModl_Leaf_Ui5RightEs)
                  000142b4    00000020     ItemSelector.obj (.text:__sti___16_ItemSelector_cpp_ab61ffd8)
                  000142d4    00000020     StrctCompoNodeUI.obj (.text:__sti___20_StrctCompoNodeUI_cpp_e76a122a)
                  000142f4    00000020     Strct_Compo_Node.obj (.text:__sti___20_Strct_Compo_Node_cpp_52ceb22e)
                  00014314    00000020     Strct_SaveLoad_Node_UI.obj (.text:__sti___26_Strct_SaveLoad_Node_UI_cpp_cbc61a28)
                  00014334    0000001e     driverlib.lib : adc.obj (.text:ADCSequenceDataGet)
                  00014352    0000001e     grlib.lib : string.obj (.text:GrFontCodepageGet)
                  00014370    0000001e               : widget.obj (.text:WidgetAdd)
                  0001438e    0000001e     ModelManager.obj (.text:_ZN12ModelManager15CreateNxtModAdrEj)
                  000143ac    0000001e     Calc_Expo1_Leaf.obj (.text:_ZN15Calc_Expo1_Leaf4ShowEP12UI_Visitor_I)
                  000143ca    0000001e     Src_CstmSw_Leaf.obj (.text:_ZN15Src_CstmSw_Leaf16AddSgndToPairValEts)
                  000143e8    0000001e     Time_Blinker_Leaf.obj (.text:_ZN17Time_Blinker_Leaf16AddSgndToSlotValEts)
                  00014406    0000001e     Time_Blinker_Leaf.obj (.text:_ZN17Time_Blinker_Leaf4ShowEP12UI_Visitor_I)
                  00014424    0000001e     Strct_PoolOwner_UI.obj (.text:_ZN18Strct_PoolOwner_UI3EscEPP11Graph_App_IP12UI_Visitor_I)
                  00014442    0000001e     Strct_CalcFactory_UI.obj (.text:_ZN20Strct_CalcFactory_UI3EscEPP11Graph_App_IP12UI_Visitor_I)
                  00014460    0000001e     Calc_DynamicScale_Leaf.obj (.text:_ZN22Calc_DynamicScale_Leaf4ShowEP12UI_Visitor_I)
                  0001447e    0000001e     StrctChnlMngrNodeUI.obj (.text:_ZN22Strct_ChnlMngr_Node_UI3EscEPP11Graph_App_IP12UI_Visitor_I)
                  0001449c    0000001e     Wizard_TwoChnlModl_Leaf.obj (.text:_ZN23Wizard_TwoChnlModl_Leaf13SubValFromSelEtt)
                  000144ba    00000002     StorageHandler.obj (.text:_ZN14StorageHandlerD1Ev)
                  000144bc    0000001c     driverlib.lib : sysctl.obj (.text:SysCtlGPIOAHBEnable)
                  000144d8    0000001c     grlib.lib : widget.obj (.text:WidgetPointerMessage)
                  000144f4    0000001c     CharSelector.obj (.text:_ZN12CharSelectorC1Ev)
                  00014510    0000001c     ItemSelector.obj (.text:_ZN12ItemSelector8ItemLeftEv)
                  0001452c    0000001c     ItemSelector.obj (.text:_ZN12ItemSelector9ItemRightEv)
                  00014548    0000001c     StorageHandler.obj (.text:_ZN14StorageHandler8DelChainEj)
                  00014564    0000001c     StorageHandler.obj (.text:_ZN14StorageHandlerC1Ev)
                  00014580    0000001c     Strct_Compo_Node.obj (.text:_ZN16Strct_Compo_Node4ShowEP12UI_Visitor_I)
                  0001459c    0000001c     StrctMultiSwNodeUI.obj (.text:_ZN18StrctMultiSwNodeUI10ConFcnBtnsEv)
                  000145b8    0000001c     Calc_Quantizer_Leaf.obj (.text:_ZN19Calc_Quantizer_Leaf17AddSgndToLevelValEts)
                  000145d4    0000001c     Strct_ChnlMngr_Node.obj (.text:_ZN19Strct_ChnlMngr_Node3RunEv)
                  000145f0    0000001c     Quadlett.obj (.text:_ZN8Quadlett19AddSgndToPairValNegEts)
                  0001460c    0000001c     Quadlett.obj (.text:_ZN8Quadlett19AddSgndToPairValPosEts)
                  00014628    0000001c     Quadlett.obj (.text:_ZN8QuadlettC1Ev)
                  00014644    0000001a     ModelManager.obj (.text:_ZN12ModelManager13GetCurModNmbrEv)
                  0001465e    0000001a     StorageHandler.obj (.text:_ZN14StorageHandler9GetU16bAtEj)
                  00014678    0000001a     Machine_Blinker.obj (.text:_ZN15Machine_Blinker11GetInstanceEv)
                  00014692    0000001a     Calc_Addition_Leaf.obj (.text:_ZN18Calc_Addition_Leaf10AddSgndValEs)
                  000146ac    0000001a     Calc_Quantizer_Leaf.obj (.text:_ZN19Calc_Quantizer_Leaf14AddSgndToLevelEts)
                  000146c6    0000001a     Machine_MinMaxLimit.obj (.text:_ZN19Machine_MinMaxLimit11GetInstanceEv)
                  000146e0    0000001a     Machine_ScaleSwitch.obj (.text:_ZN19Machine_ScaleSwitch11GetInstanceEv)
                  000146fa    0000001a     Src_InternTrim_Leaf.obj (.text:_ZN19Src_InternTrim_Leaf7DecTrimEv)
                  00014714    0000001a     Src_InternTrim_Leaf.obj (.text:_ZN19Src_InternTrim_Leaf7IncTrimEv)
                  0001472e    0000001a     Strct_ChnlMngr_Node.obj (.text:_ZN19Strct_ChnlMngr_Node10GetChnlValEt)
                  00014748    0000001a     Strct_SaveLoad_Node.obj (.text:_ZN19Strct_SaveLoad_Node7SaveModEPc)
                  00014762    0000001a     Time_Integrator_Leaf.obj (.text:_ZN20Time_Integrator_Leaf9AddSngDefEs)
                  0001477c    0000001a     TimeCalc_Ramp_Leaf_UI.obj (.text:_ZN21TimeCalc_Ramp_Leaf_UI2UpEv)
                  00014796    0000001a     TimeCalc_Ramp_Leaf_UI.obj (.text:_ZN21TimeCalc_Ramp_Leaf_UI4DownEv)
                  000147b0    0000001a     Wizard_TwoChnlModl_Leaf.obj (.text:_ZN23Wizard_TwoChnlModl_Leaf11AddValToSelEts)
                  000147ca    0000001a     Wizard_TwoChnlModl_Leaf.obj (.text:_ZN23Wizard_TwoChnlModl_Leaf7GetNameEPc)
                  000147e4    0000001a     Wizard_TwoChnlModl_Leaf_Ui.obj (.text:_ZN26Wizard_TwoChnlModl_Leaf_Ui2UpEv)
                  000147fe    0000001a     Wizard_TwoChnlModl_Leaf_Ui.obj (.text:_ZN26Wizard_TwoChnlModl_Leaf_Ui4DownEv)
                  00014818    00000018     driverlib.lib : adc.obj (.text:ADCProcessorTrigger)
                  00014830    00000018                   : gpio.obj (.text:GPIOPinTypeGPIOOutput)
                  00014848    00000018     grlib_demo.obj (.text:_Z20CompPoolPrs_CompNodev)
                  00014860    00000018     grlib_demo.obj (.text:_Z20CompPoolPrs_JuncNodev)
                  00014878    00000018     grlib_demo.obj (.text:_Z22CompPoolPrs_MultSwNodev)
                  00014890    00000018     grlib_demo.obj (.text:_Z9AddModPrsv)
                  000148a8    00000018     CharSelector.obj (.text:_ZN12CharSelector7CurCharEv)
                  000148c0    00000018     ItemSelector.obj (.text:_ZN12ItemSelector10AddCurCharEv)
                  000148d8    00000018     ItemSelector.obj (.text:_ZN12ItemSelector10RemoveCharEv)
                  000148f0    00000018     ItemSelector.obj (.text:_ZN12ItemSelector9EscItmSelEv)
                  00014908    00000018     Z_Wizard_Node.obj (.text:_ZN13Z_Wizard_NodeD1Ev)
                  00014920    00000018     Strct_PoolOwner_UI.obj (.text:_ZN18Strct_PoolOwner_UI5PaintEv)
                  00014938    00000018     Strct_PoolOwner_UI.obj (.text:_ZN18Strct_PoolOwner_UIC1Ev)
                  00014950    00000018     SystickConsumerBase.obj (.text:_ZN19SystickConsumerBaseC1Ev)
                  00014968    00000018     Strct_CalcFactory_UI.obj (.text:_ZN20Strct_CalcFactory_UI5PaintEv)
                  00014980    00000018     Strct_CalcFactory_UI.obj (.text:_ZN20Strct_CalcFactory_UIC1Ev)
                  00014998    00000018     Strct_SaveLoad_Node_UI.obj (.text:_ZN22Strct_SaveLoad_Node_UI10AddCurCharEv)
                  000149b0    00000018     Strct_SaveLoad_Node_UI.obj (.text:_ZN22Strct_SaveLoad_Node_UI10RemoveCharEv)
                  000149c8    00000018     Strct_SaveLoad_Node_UI.obj (.text:_ZN22Strct_SaveLoad_Node_UI5PaintEv)
                  000149e0    00000018     Z_MusicControl_Leaf_Ui.obj (.text:_ZN22Z_MusicControl_Leaf_UiC1Ev)
                  000149f8    00000018     Wizard_TwoChnlModl_Leaf_Ui.obj (.text:_ZN26Wizard_TwoChnlModl_Leaf_Ui8PaintAllEv)
                  00014a10    00000018     rtsv7M4_T_le_v4SPD16_eabi.lib : args_main.obj (.text)
                  00014a28    00000016     grlib.lib : string.obj (.text:GrStringDraw)
                  00014a3e    00000016     Kentec320x240x16_ssd2119_8bit.obj (.text:Kentec320x240x16_SSD2119ColorTranslate)
                  00014a54    00000016     Z_MusicControl.obj (.text:_ZN14Z_MusicControl11AddSgndToBwEsj)
                  00014a6a    00000016     Z_MusicControl.obj (.text:_ZN14Z_MusicControl11AddSgndToFwEsj)
                  00014a80    00000016     Z_MusicControl.obj (.text:_ZN14Z_MusicControl12AddSgndToVupEsj)
                  00014a96    00000016     Z_MusicControl.obj (.text:_ZN14Z_MusicControl13AddSgndToPlayEsj)
                  00014aac    00000016     Z_MusicControl.obj (.text:_ZN14Z_MusicControl14AddSgndToPauseEsj)
                  00014ac2    00000016     Z_MusicControl.obj (.text:_ZN14Z_MusicControl14AddSgndToVdownEsj)
                  00014ad8    00000016     Wizard_TwoChnlModl_Leaf.obj (.text:_ZN23Wizard_TwoChnlModl_Leaf11AddValtoSelEts)
                  00014aee    00000014     grlib.lib : canvas.obj (.text:CanvasMsgProc)
                  00014b02    00000014     driverlib.lib : uart.obj (.text:UARTEnable)
                  00014b16    00000014     grlib.lib : widget.obj (.text:WidgetMutexGet)
                  00014b2a    00000002     Z_MusicControl.obj (.text:_ZN14Z_MusicControl10GetVisitorEv)
                  00014b2c    00000014     Ui_Visitor.obj (.text:_ZN10Ui_VisitorC1Ev)
                  00014b40    00000014     MachineRamp.obj (.text:_ZN12Machine_Ramp11GetInstanceEv)
                  00014b54    00000014     ModelManager.obj (.text:_ZN12ModelManagerC1Ev)
                  00014b68    00000014     Machine_Expo1.obj (.text:_ZN13Machine_Expo111GetInstanceEv)
                  00014b7c    00000014     Machine_uCAdc.obj (.text:_ZN13Machine_uCAdc11GetInstanceEv)
                  00014b90    00000014     Ui_Identifier.obj (.text:_ZN13Ui_Identifier10RotaryDownEj)
                  00014ba4    00000014     Machine_CstmSw.obj (.text:_ZN14Machine_CstmSw11GetInstanceEv)
                  00014bb8    00000014     SystickNotifier.obj (.text:_ZN15SystickNotifierC1Ev)
                  00014bcc    00000014     Machine_DeadArea.obj (.text:_ZN16Machine_DeadArea11GetInstanceEv)
                  00014be0    00000014     Machine_DynScale.obj (.text:_ZN16Machine_DynScale11GetInstanceEv)
                  00014bf4    00000014     Strct_Compo_Node.obj (.text:_ZN16Strct_Compo_Node4ShowEv)
                  00014c08    00000014     Machine_Quantizer.obj (.text:_ZN17Machine_Quantizer11GetInstanceEv)
                  00014c1c    00000014     Wizard_InternTrim.obj (.text:_ZN17Wizard_InternTrim8GetInt16Ev)
                  00014c30    00000014     Wizard_InternTrim.obj (.text:_ZN17Wizard_InternTrim9GetUint16Ev)
                  00014c44    00000014     Machine_Integrator.obj (.text:_ZN18Machine_Integrator11GetInstanceEv)
                  00014c58    00000014     Machine_InternTrim.obj (.text:_ZN18Machine_InternTrim11GetInstanceEv)
                  00014c6c    00000014     Src_CstmSw_Leaf_Ui.obj (.text:_ZN18Src_CstmSw_Leaf_UiD1Ev)
                  00014c80    00000014     StrctMultiSwNodeUI.obj (.text:_ZN18StrctMultiSwNodeUIC1Ev)
                  00014c94    00000014     StrctChnlNodeUI.obj (.text:_ZN18Strct_Chnl_Node_UIC1Ev)
                  00014ca8    00000014     QuadEncConsumerBase.obj (.text:_ZN19QuadEncConsumerBaseC1Ev)
                  00014cbc    00000014     Src_InternTrim_Leaf.obj (.text:_ZN19Src_InternTrim_Leaf10DecPairSelEv)
                  00014cd0    00000014     StrctCompoNodeUI.obj (.text:_ZN19Strct_Compo_Node_UIC1Ev)
                  00014ce4    00000014     Notifier_InternTrimm.obj (.text:_ZN20Notifier_InternTrimmC1Ev)
                  00014cf8    00000014     Time_Blinker_Leaf_UI.obj (.text:_ZN20Time_Blinker_Leaf_UID1Ev)
                  00014d0c    00000014     Calc_DeadArea_Leaf_Ui.obj (.text:_ZN21Calc_DeadArea_Leaf_UiD1Ev)
                  00014d20    00000014     TimeCalc_Ramp_Leaf_UI.obj (.text:_ZN21TimeCalc_Ramp_Leaf_UID1Ev)
                  00014d34    00000014     Calc_Quantizer_Leaf_UI.obj (.text:_ZN22Calc_Quantizer_Leaf_UID1Ev)
                  00014d48    00000014     Time_Integrator_Leaf_Ui.obj (.text:_ZN23Time_Integrator_Leaf_Ui4DownEv)
                  00014d5c    00000014     Time_Integrator_Leaf_Ui.obj (.text:_ZN23Time_Integrator_Leaf_UiD1Ev)
                  00014d70    00000014     Calc_DynamicScale_Leaf_Ui.obj (.text:_ZN25Calc_DynamicScale_Leaf_UiC1Ev)
                  00014d84    00000014     Wizard_TwoChnlModl_Leaf_Ui.obj (.text:_ZN26Wizard_TwoChnlModl_Leaf_UiD1Ev)
                  00014d98    00000014     CalcMultiplicationLeafUI.obj (.text:_ZN27Calc_Multiplication_Leaf_UID1Ev)
                  00014dac    00000014     Quadlet.obj (.text:_ZN7QuadletD1Ev)
                  00014dc0    00000014     rtsv7M4_T_le_v4SPD16_eabi.lib : _lock.obj (.text)
                  00014dd4    00000012     driverlib.lib : gpio.obj (.text:GPIOPinTypeADC)
                  00014de6    00000012                   : gpio.obj (.text:GPIOPinTypeQEI)
                  00014df8    00000012                   : gpio.obj (.text:GPIOPinTypeUART)
                  00014e0a    00000012                   : timer.obj (.text:TimerLoadSet)
                  00014e1c    00000012                   : timer.obj (.text:TimerMatchSet)
                  00014e2e    00000012     ModelManager.obj (.text:_ZN12ModelManager14GetAmtOfModelsEv)
                  00014e40    00000012     Z_Wizard_Node.obj (.text:_ZN13Z_Wizard_Node4ShowEP12UI_Visitor_I)
                  00014e52    00000012     StorageHandler.obj (.text:_ZN14StorageHandler15FinalSaveStrobeEv)
                  00014e64    00000012     Calc_uCAdc_Leaf.obj (.text:_ZN15Calc_uCAdc_Leaf4ShowEP12UI_Visitor_I)
                  00014e76    00000012     Src_CstmSw_Leaf.obj (.text:_ZN15Src_CstmSw_Leaf4ShowEP12UI_Visitor_I)
                  00014e88    00000012     Src_CstmSw_Leaf.obj (.text:_ZN15Src_CstmSw_Leaf9CycleModeEv)
                  00014e9a    00000012     Strct_Chnl_Node.obj (.text:_ZN15Strct_Chnl_Node4ShowEP12UI_Visitor_I)
                  00014eac    00000012     Strct_Junc_Node.obj (.text:_ZN15Strct_Junc_Node4ShowEP12UI_Visitor_I)
                  00014ebe    00000012     Calc_ScaleSw_Leaf.obj (.text:_ZN17Calc_ScaleSw_Leaf4ShowEP12UI_Visitor_I)
                  00014ed0    00000012     Strct_CalcFactory.obj (.text:_ZN17Strct_CalcFactory4ShowEP12UI_Visitor_I)
                  00014ee2    00000012     Strct_MultSw_Node.obj (.text:_ZN17Strct_MultSw_Node4ShowEP12UI_Visitor_I)
                  00014ef4    00000012     Wizard_InternTrim.obj (.text:_ZN17Wizard_InternTrim4ShowEP12UI_Visitor_I)
                  00014f06    00000012     Calc_Addition_Leaf.obj (.text:_ZN18Calc_Addition_Leaf3RunEPfj)
                  00014f18    00000012     Calc_Addition_Leaf.obj (.text:_ZN18Calc_Addition_Leaf4ShowEP12UI_Visitor_I)
                  00014f2a    00000012     Clac_DeadArea_Leaf.obj (.text:_ZN18Clac_DeadArea_Leaf4ShowEP12UI_Visitor_I)
                  00014f3c    00000012     Src_CstmSw_Leaf_Ui.obj (.text:_ZN18Src_CstmSw_Leaf_Ui5AddInEv)
                  00014f4e    00000012     TimeCalc_Ramp_Leaf.obj (.text:_ZN18TimeCalc_Ramp_Leaf10TickNotifyEv)
                  00014f60    00000012     TimeCalc_Ramp_Leaf.obj (.text:_ZN18TimeCalc_Ramp_Leaf4ShowEP12UI_Visitor_I)
                  00014f72    00000012     Calc_Quantizer_Leaf.obj (.text:_ZN19Calc_Quantizer_Leaf4ShowEP12UI_Visitor_I)
                  00014f84    00000012     Src_InternTrim_Leaf.obj (.text:_ZN19Src_InternTrim_Leaf3RunEPfj)
                  00014f96    00000012     Src_InternTrim_Leaf.obj (.text:_ZN19Src_InternTrim_Leaf4ShowEP12UI_Visitor_I)
                  00014fa8    00000012     Strct_ChnlMngr_Node.obj (.text:_ZN19Strct_ChnlMngr_Node4ShowEP12UI_Visitor_I)
                  00014fba    00000012     Strct_TopMenue_Node.obj (.text:_ZN19Strct_TopMenue_Node4ShowEP12UI_Visitor_I)
                  00014fcc    00000012     Z_SystemConfig_Leaf.obj (.text:_ZN19Z_SystemConfig_Leaf4ShowEP12UI_Visitor_I)
                  00014fde    00000012     Time_Blinker_Leaf_UI.obj (.text:_ZN20Time_Blinker_Leaf_UI5AddInEv)
                  00014ff0    00000012     Time_Integrator_Leaf.obj (.text:_ZN20Time_Integrator_Leaf4ShowEP12UI_Visitor_I)
                  00015002    00000012     Time_Integrator_Leaf.obj (.text:_ZN20Time_Integrator_Leaf6SetMaxEt)
                  00015014    00000012     Calc_MinMaxLimit_Leaf.obj (.text:_ZN21Calc_MinMaxLimit_Leaf4ShowEP12UI_Visitor_I)
                  00015026    00000012     Calc_Quantizer_Leaf_UI.obj (.text:_ZN22Calc_Quantizer_Leaf_UI7AddMarkEv)
                  00015038    00000012     Src_InternTrim_Leaf_UI.obj (.text:_ZN22Src_InternTrim_Leaf_UI2UpEv)
                  0001504a    00000012     Src_InternTrim_Leaf_UI.obj (.text:_ZN22Src_InternTrim_Leaf_UI4DownEv)
                  0001505c    00000012     Src_InternTrim_Leaf_UI.obj (.text:_ZN22Src_InternTrim_Leaf_UI4LeftEv)
                  0001506e    00000012     Src_InternTrim_Leaf_UI.obj (.text:_ZN22Src_InternTrim_Leaf_UI5RightEv)
                  00015080    00000012     Time_Integrator_Leaf_Ui.obj (.text:_ZN23Time_Integrator_Leaf_Ui2UpEv)
                  00015092    00000012     Time_Integrator_Leaf_Ui.obj (.text:_ZN23Time_Integrator_Leaf_Ui4LeftEv)
                  000150a4    00000012     Time_Integrator_Leaf_Ui.obj (.text:_ZN23Time_Integrator_Leaf_Ui5RightEv)
                  000150b6    00000012     Calc_Multiplication_Leaf.obj (.text:_ZN24Calc_Multiplication_Leaf4ShowEP12UI_Visitor_I)
                  000150c8    00000010     driverlib.lib : adc.obj (.text:ADCIntEnable)
                  000150d8    00000010                   : fpu.obj (.text:FPUEnable)
                  000150e8    00000010                   : fpu.obj (.text:FPULazyStackingEnable)
                  000150f8    00000010                   : interrupt.obj (.text:IntMasterEnable)
                  00015108    00000010                   : sysctl.obj (.text:SysCtlReset)
                  00015118    00000010                   : eeprom.obj (.text:_EEPROMWaitForDone)
                  00015128    00000010     ItemSelector.obj (.text:_ZN12ItemSelector12ConctNameBtnEv)
                  00015138    00000010     Z_MusicControl.obj (.text:_ZN14Z_MusicControl4ShowEP12UI_Visitor_I)
                  00015148    00000010     Calc_uCAdc_Leaf.obj (.text:_ZN15Calc_uCAdc_Leaf11DeserializeEP15SerializeDest_I)
                  00015158    00000010     Src_CstmSw_Leaf.obj (.text:_ZN15Src_CstmSw_Leaf9SetPairInEts)
                  00015168    00000010     Z_Wizard_Node_Ui.obj (.text:_ZN16Z_Wizard_Node_UiC1Ev)
                  00015178    00000010     Strct_CalcFactory.obj (.text:_ZN17Strct_CalcFactory18GetMachTypeByIndexEt)
                  00015188    00000010     Strct_CalcFactory.obj (.text:_ZN17Strct_CalcFactory18GetNameOfMachIndexEt)
                  00015198    00000010     Wizard_IntTrim_Ui.obj (.text:_ZN17Wizard_IntTrim_UiC1Ev)
[...]
200022dc  expanInByteCntrBT                                                                 
200022e0  trimmDigBits                                                                      
200022e4  guiRefreshCntr                                                                    
200022e6  menuDigs                                                                          
200022e7  menuDigsOld                                                                       
200022e8  runTrigger                                                                        
200022ec  runTriggerOld                                                                     
200022f0  uiSel                                                                             
20002300  g_sKeyboard                                                                       
2000235c  itmSelBtns                                                                        
200023ac  saveLoadBtnsMain                                                                  
200023fc  sltBtns                                                                           
2000244c  CurChar                                                                           
2000248c  CurCharSL                                                                         
200024cc  NegOutQuadletCan                                                                  
2000250c  actPosCan                                                                         
2000254c  actPosCanQuadlet                                                                  
2000258c  actPosCanQuant                                                                    
200025cc  adcValue                                                                          
2000260c  blinkerCov_1                                                                      
2000264c  blinkerCov_2                                                                      
2000268c  blinkerName                                                                       
200026cc  calcAddCov_1                                                                      
2000270c  calcAddCov_2                                                                      
2000274c  calcAddName                                                                       
2000278c  calcAddValue                                                                      
200027cc  calcMulCov_1                                                                      
2000280c  calcMulCov_2                                                                      
2000284c  calcMulName                                                                       
2000288c  calcMulValue                                                                      
200028cc  calcRampCov_1                                                                     
2000290c  calcRampCov_2                                                                     
2000294c  calcuCAdcCov_1                                                                    
2000298c  calcuCAdcCov_2                                                                    
200029cc  calcuCAdcName                                                                     
20002a0c  calcuCAdcValue                                                                    
20002a4c  clcQuantCov_1                                                                     
20002a8c  clcQuantCov_2                                                                     
20002acc  clcQuantizerName                                                                  
20002b0c  cmpBtnsCov                                                                        
20002b4c  deadSpanCov                                                                       
20002b8c  deadSpanName                                                                      
20002bcc  dynSclCov                                                                         
20002c0c  dynSclName                                                                        
20002c4c  expo1Cov                                                                          
20002c8c  expo1Name                                                                         
20002ccc  freeSpaceCan                                                                      
20002d0c  g_psPanels                                                                        
20002d4c  intTrimCov_1                                                                      
20002d8c  intTrimCov_2                                                                      
20002dcc  intTrimName                                                                       
20002e0c  intTrimValue                                                                      
20002e4c  intTrimWizCov                                                                     
20002e8c  intTrimWizName                                                                    
20002ecc  intTwoChModCov                                                                    
20002f0c  intTwoChModName                                                                   
20002f4c  intergCov                                                                         
20002f8c  intergName                                                                        
20002fcc  intgrDef                                                                          
2000300c  intgrDefVal                                                                       
2000304c  intgrMax                                                                          
2000308c  intgrMaxVal                                                                       
200030cc  intgrMin                                                                          
2000310c  intgrMinVal                                                                       
2000314c  intgrRate                                                                         
2000318c  intgrRateVal                                                                      
200031cc  intgrRes                                                                          
2000320c  intgrResVal                                                                       
2000324c  jncBtnsCov                                                                        
2000328c  keyBrdCov                                                                         
200032cc  modBtnsCov                                                                        
2000330c  modeValue                                                                         
2000334c  musicCov                                                                          
2000338c  musicName                                                                         
200033cc  nameBannerRamp                                                                    
2000340c  nullPointCan                                                                      
2000344c  nullSpanCan                                                                       
2000348c  nullSpanValCan                                                                    
200034cc  outputCan                                                                         
2000350c  outputCanQuadletPos                                                               
2000354c  outputCanQuant                                                                    
2000358c  pairSelValue                                                                      
200035cc  selCov                                                                            
2000360c  sltBtnsCov                                                                        
2000364c  spanNPCan                                                                         
2000368c  spanNPValCan                                                                      
200036cc  srcCstmSwCov_1                                                                    
2000370c  srcCstmSwCov_2                                                                    
2000374c  srcCstmSwName                                                                     
2000378c  srcCstmSwValue                                                                    
200037cc  srcQuadletCov_1                                                                   
2000380c  srcQuadletCov_2                                                                   
2000384c  srcQuadletName                                                                    
2000388c  srcQuantValue                                                                     
200038cc  svldCov                                                                           
2000390c  sysConfCov                                                                        
2000394c  sysConfName                                                                       
2000398c  valueAboveFalCan                                                                  
200039cc  valueAboveRisCan                                                                  
20003a0c  valueBelowFalCan                                                                  
20003a4c  valueBelowRisCan                                                                  
20003a8c  wizardConfCov                                                                     
20003b00  g_sRoot                                                                           
20003b30  chnlValArr                                                                        
20003b70  seperatorArr                                                                      
20003ba0  __TI_cleanup_ptr                                                                  
20003ba4  __TI_dtors_ptr                                                                    
20003ba8  __TI_enable_exit_profile_output                                                   
20003c3c  _lock                                                                             
20003c40  _unlock                                                                           
20003c44  WriteData                                                                         
20003c48  WriteCommand                                                                      
20003ca6  curCharArr                                                                        
20003cac  main_func_sp                                                                      
20003cb0  _new_handler                                                                      
20003cb4  g_i16TouchMin                                                                     
20003cb8  curCharArrSL                                                                      
20003cc0  _sys_memory                                                                       
200064c0  __stack                                                                           
200068c0  __STACK_TOP                                                                       
200084c0  __STACK_END                                                                       
20008800  psDMAControlTable                                                                 
20008c00  eeTestRdArr                                                                       
20008d90  eeTestWrtArr                                                                      
20009060  GlobalModFactory                                                                  
20009158  calcFac                                                                           
20009348  myCalcFac                                                                         
20009440  wizardMen                                                                         
20009508  poolOwn                                                                           
200095ac  UiVisitor                                                                         
20009620  rootNode                                                                          
20009678  saveLoad                                                                          
200096cc  strctSaveLoadUi                                                                   
20009720  musicControl                                                                      
20009768  chnl                                                                              
200097a4  cmpoNod                                                                           
200097e0  mltSwNod                                                                          
20009818  topMen                                                                            
20009850  add                                                                               
20009880  mul                                                                               
200098b0  uCAdc                                                                             
200098e0  fourAdcs                                                                          
20009910  chnlUi                                                                            
20009938  cmpoNodUi                                                                         
20009960  mltSwUi                                                                           
20009988  strctJuncUi                                                                       
200099b0  sysConf                                                                           
200099d8  values                                                                            
200099fc  chnlMngrUi                                                                        
20009a1c  strctTopMenUi                                                                     
20009a3c  wizardMenUi                                                                       
20009a5c  fourAdcsOffset                                                                    
20009a9c  calcFacUi                                                                         
20009ab8  timeBlinkerUi                                                                     
20009ad4  limiterUi                                                                         
20009aec  quantiUi                                                                          
20009b04  scaleSwUi                                                                         
20009b1c  srcCstmSwUi                                                                       
20009b34  storageHandler                                                                    
20009b4c  NotifyerInternTrim                                                                
20009b60  deadSpanUi                                                                        
20009b74  dynSclUi                                                                          
20009b88  expo1Ui                                                                           
20009bb0  integrUi                                                                          
20009bc4  sysTickNoty                                                                       
20009bd8  timeCalcRampUi                                                                    
20009bec  wizTwoChnlModlUi                                                                  
20009c00  name_4                                                                            
20009c14  addUi                                                                             
20009c64  mulUi                                                                             
20009c74  musicControlUi                                                                    
20009c84  poolOwnUi                                                                         
20009c94  fourAdcsRaw                                                                       
20009ca4  fourAdcsRawUnsgnd                                                                 
20009cc0  srcInternTrimUi                                                                   
20009ccc  sysConfUi                                                                         
20009cd8  uCAdcUi                                                                           
20009ce4  wizardIntTrimUi                                                                   
20009cf8  VisitorInternTrim                                                                 
20009d08  modMan                                                                            
20009d18  quadNoty                                                                          
20009db0  externADCs                                                                        
20009dc8  _ZZN17Calc_ScaleSw_Leaf3RunEPfjE3tmp                                              
20009dcc  _ZZN17Calc_ScaleSw_Leaf3RunEPfjE4conv                                             
20009dd0  _ZZN21Calc_MinMaxLimit_Leaf3RunEPfjE3tmp                                          
20009dd4  _ZZN21Calc_MinMaxLimit_Leaf3RunEPfjE4conv                                         
20009e38  _ZSt16__dummy_typeinfo                                                            
20009e3c  __dso_handle                                                                      
20009e40  bwArr                                                                             
20009e44  cRef                                                                              
20009e48  currentNode                                                                       
20009e4c  digInArrBits                                                                      
20009e50  fwArr                                                                             
20009e54  g_pi32ParmSet                                                                     
20009e5c  g_ui32Panel                                                                       
20009e60  g_ui32SysClock                                                                    
20009e64  instUiPtr                                                                         
20009e68  myRef_C                                                                           
20009e6c  namArr                                                                            
20009e70  pauseArr                                                                          
20009e74  playArr                                                                           
20009e78  thisPointer                                                                       
20009e7c  vdArr                                                                             
20009e80  vuArr                                                                             
20009e86  cursChrPos                                                                        
20009e88  cursChrPosSL                                                                      
20009e8a  g_i16TouchX                                                                       
20009e8c  g_i16TouchY                                                                       
ffffffff  __TI_pprof_out_hndl                                                               
ffffffff  __TI_prof_data_size                                                               
ffffffff  __TI_prof_data_start                                                              
ffffffff  __binit__                                                                         
ffffffff  __c_args__                                                                        
ffffffff  binit                                                                             

[2287 symbols]
